Archive member included to satisfy reference by file (symbol)

../Moi_MA_bsp/\libhal_bsp.a(alt_iic.o)
                              obj/default/hello_world.o (alt_ic_isr_register)
../Moi_MA_bsp/\libhal_bsp.a(alt_iic_isr_register.o)
                              ../Moi_MA_bsp/\libhal_bsp.a(alt_iic.o) (alt_iic_isr_register)
../Moi_MA_bsp/\libhal_bsp.a(alt_irq_entry.o)
                              ../Moi_MA_bsp/\libhal_bsp.a(alt_iic_isr_register.o) (alt_irq_entry)
../Moi_MA_bsp/\libhal_bsp.a(alt_irq_handler.o)
                              ../Moi_MA_bsp/\libhal_bsp.a(alt_iic_isr_register.o) (alt_irq)
../Moi_MA_bsp/\libhal_bsp.a(alt_irq_vars.o)
                              ../Moi_MA_bsp/\libhal_bsp.a(alt_iic.o) (alt_irq_active)
../Moi_MA_bsp/\libhal_bsp.a(alt_load.o)
                              ../Moi_MA_bsp//obj/HAL/src/crt0.o (alt_load)
../Moi_MA_bsp/\libhal_bsp.a(alt_main.o)
                              ../Moi_MA_bsp//obj/HAL/src/crt0.o (alt_main)
../Moi_MA_bsp/\libhal_bsp.a(alt_sys_init.o)
                              ../Moi_MA_bsp/\libhal_bsp.a(alt_main.o) (alt_irq_init)
../Moi_MA_bsp/\libhal_bsp.a(altera_avalon_jtag_uart_fd.o)
                              ../Moi_MA_bsp/\libhal_bsp.a(alt_sys_init.o) (altera_avalon_jtag_uart_read_fd)
../Moi_MA_bsp/\libhal_bsp.a(altera_avalon_jtag_uart_read.o)
                              ../Moi_MA_bsp/\libhal_bsp.a(altera_avalon_jtag_uart_fd.o) (altera_avalon_jtag_uart_read)
../Moi_MA_bsp/\libhal_bsp.a(altera_avalon_jtag_uart_write.o)
                              ../Moi_MA_bsp/\libhal_bsp.a(altera_avalon_jtag_uart_fd.o) (altera_avalon_jtag_uart_write)
../Moi_MA_bsp/\libhal_bsp.a(altera_avalon_timer_sc.o)
                              ../Moi_MA_bsp/\libhal_bsp.a(alt_sys_init.o) (alt_avalon_timer_sc_init)
../Moi_MA_bsp/\libhal_bsp.a(alt_close.o)
                              ../Moi_MA_bsp/\libhal_bsp.a(alt_main.o) (close)
../Moi_MA_bsp/\libhal_bsp.a(alt_dcache_flush_all.o)
                              ../Moi_MA_bsp/\libhal_bsp.a(alt_load.o) (alt_dcache_flush_all)
../Moi_MA_bsp/\libhal_bsp.a(alt_dev.o)
                              ../Moi_MA_bsp/\libhal_bsp.a(alt_sys_init.o) (alt_dev_list)
../Moi_MA_bsp/\libhal_bsp.a(alt_dev_llist_insert.o)
                              ../Moi_MA_bsp/\libhal_bsp.a(alt_sys_init.o) (alt_dev_llist_insert)
../Moi_MA_bsp/\libhal_bsp.a(alt_do_ctors.o)
                              ../Moi_MA_bsp/\libhal_bsp.a(alt_main.o) (_do_ctors)
../Moi_MA_bsp/\libhal_bsp.a(alt_do_dtors.o)
                              ../Moi_MA_bsp/\libhal_bsp.a(alt_main.o) (_do_dtors)
../Moi_MA_bsp/\libhal_bsp.a(alt_errno.o)
                              ../Moi_MA_bsp/\libhal_bsp.a(alt_close.o) (alt_errno)
../Moi_MA_bsp/\libhal_bsp.a(alt_exception_entry.o)
                              ../Moi_MA_bsp/\libhal_bsp.a(alt_irq_entry.o) (alt_exception)
../Moi_MA_bsp/\libhal_bsp.a(alt_icache_flush_all.o)
                              ../Moi_MA_bsp/\libhal_bsp.a(alt_load.o) (alt_icache_flush_all)
../Moi_MA_bsp/\libhal_bsp.a(alt_instruction_exception_entry.o)
                              ../Moi_MA_bsp/\libhal_bsp.a(alt_exception_entry.o) (alt_instruction_exception_entry)
../Moi_MA_bsp/\libhal_bsp.a(alt_io_redirect.o)
                              ../Moi_MA_bsp/\libhal_bsp.a(alt_main.o) (alt_io_redirect)
../Moi_MA_bsp/\libhal_bsp.a(alt_open.o)
                              ../Moi_MA_bsp/\libhal_bsp.a(alt_io_redirect.o) (open)
../Moi_MA_bsp/\libhal_bsp.a(alt_release_fd.o)
                              ../Moi_MA_bsp/\libhal_bsp.a(alt_close.o) (alt_release_fd)
../Moi_MA_bsp/\libhal_bsp.a(alt_tick.o)
                              ../Moi_MA_bsp/\libhal_bsp.a(altera_avalon_timer_sc.o) (_alt_tick_rate)
../Moi_MA_bsp/\libhal_bsp.a(altera_nios2_gen2_irq.o)
                              ../Moi_MA_bsp/\libhal_bsp.a(alt_sys_init.o) (altera_nios2_gen2_irq_init)
../Moi_MA_bsp/\libhal_bsp.a(alt_find_dev.o)
                              ../Moi_MA_bsp/\libhal_bsp.a(alt_open.o) (alt_find_dev)
../Moi_MA_bsp/\libhal_bsp.a(alt_find_file.o)
                              ../Moi_MA_bsp/\libhal_bsp.a(alt_open.o) (alt_find_file)
../Moi_MA_bsp/\libhal_bsp.a(alt_get_fd.o)
                              ../Moi_MA_bsp/\libhal_bsp.a(alt_open.o) (alt_get_fd)
c:/intelfpga_lite/18.1/nios2eds/bin/gnu/h-x86_64-mingw32/bin/../lib/gcc/nios2-elf/5.3.0/../../../../../H-x86_64-mingw32/nios2-elf/lib/mno-hw-mul\libsmallc.a(lib_a-atexit.o)
                              ../Moi_MA_bsp/\libhal_bsp.a(alt_main.o) (atexit)
c:/intelfpga_lite/18.1/nios2eds/bin/gnu/h-x86_64-mingw32/bin/../lib/gcc/nios2-elf/5.3.0/../../../../../H-x86_64-mingw32/nios2-elf/lib/mno-hw-mul\libsmallc.a(lib_a-exit.o)
                              ../Moi_MA_bsp/\libhal_bsp.a(alt_main.o) (exit)
c:/intelfpga_lite/18.1/nios2eds/bin/gnu/h-x86_64-mingw32/bin/../lib/gcc/nios2-elf/5.3.0/../../../../../H-x86_64-mingw32/nios2-elf/lib/mno-hw-mul\libsmallc.a(lib_a-int_errno.o)
                              ../Moi_MA_bsp/\libhal_bsp.a(alt_close.o) (errno)
c:/intelfpga_lite/18.1/nios2eds/bin/gnu/h-x86_64-mingw32/bin/../lib/gcc/nios2-elf/5.3.0/../../../../../H-x86_64-mingw32/nios2-elf/lib/mno-hw-mul\libsmallc.a(lib_a-memcmp.o)
                              ../Moi_MA_bsp/\libhal_bsp.a(alt_find_dev.o) (memcmp)
c:/intelfpga_lite/18.1/nios2eds/bin/gnu/h-x86_64-mingw32/bin/../lib/gcc/nios2-elf/5.3.0/../../../../../H-x86_64-mingw32/nios2-elf/lib/mno-hw-mul\libsmallc.a(lib_a-strlen.o)
                              ../Moi_MA_bsp/\libhal_bsp.a(alt_find_dev.o) (strlen)
c:/intelfpga_lite/18.1/nios2eds/bin/gnu/h-x86_64-mingw32/bin/../lib/gcc/nios2-elf/5.3.0/../../../../../H-x86_64-mingw32/nios2-elf/lib/mno-hw-mul\libsmallc.a(lib_a-__atexit.o)
                              c:/intelfpga_lite/18.1/nios2eds/bin/gnu/h-x86_64-mingw32/bin/../lib/gcc/nios2-elf/5.3.0/../../../../../H-x86_64-mingw32/nios2-elf/lib/mno-hw-mul\libsmallc.a(lib_a-atexit.o) (__register_exitproc)
c:/intelfpga_lite/18.1/nios2eds/bin/gnu/h-x86_64-mingw32/bin/../lib/gcc/nios2-elf/5.3.0/../../../../../H-x86_64-mingw32/nios2-elf/lib/mno-hw-mul\libsmallc.a(lib_a-__call_atexit.o)
                              c:/intelfpga_lite/18.1/nios2eds/bin/gnu/h-x86_64-mingw32/bin/../lib/gcc/nios2-elf/5.3.0/../../../../../H-x86_64-mingw32/nios2-elf/lib/mno-hw-mul\libsmallc.a(lib_a-exit.o) (__call_exitprocs)
c:/intelfpga_lite/18.1/nios2eds/bin/gnu/h-x86_64-mingw32/bin/../lib/gcc/nios2-elf/5.3.0/../../../../../H-x86_64-mingw32/nios2-elf/lib/mno-hw-mul\libsmallc.a(lib_a-impure.o)
                              c:/intelfpga_lite/18.1/nios2eds/bin/gnu/h-x86_64-mingw32/bin/../lib/gcc/nios2-elf/5.3.0/../../../../../H-x86_64-mingw32/nios2-elf/lib/mno-hw-mul\libsmallc.a(lib_a-__atexit.o) (_global_impure_ptr)
c:/intelfpga_lite/18.1/nios2eds/bin/gnu/h-x86_64-mingw32/bin/../lib/gcc/nios2-elf/5.3.0/mno-hw-mul\libgcc.a(lib2-mul.o)
                              ../Moi_MA_bsp/\libhal_bsp.a(alt_close.o) (__mulsi3)
../Moi_MA_bsp/\libhal_bsp.a(alt_exit.o)
                              c:/intelfpga_lite/18.1/nios2eds/bin/gnu/h-x86_64-mingw32/bin/../lib/gcc/nios2-elf/5.3.0/../../../../../H-x86_64-mingw32/nios2-elf/lib/mno-hw-mul\libsmallc.a(lib_a-exit.o) (_exit)

Allocating common symbols
Common symbol       size              file

alt_irq             0x100             ../Moi_MA_bsp/\libhal_bsp.a(alt_irq_handler.o)
errno               0x4               c:/intelfpga_lite/18.1/nios2eds/bin/gnu/h-x86_64-mingw32/bin/../lib/gcc/nios2-elf/5.3.0/../../../../../H-x86_64-mingw32/nios2-elf/lib/mno-hw-mul\libsmallc.a(lib_a-int_errno.o)

Memory Configuration

Name             Origin             Length             Attributes
reset            0x0000000000008000 0x0000000000000020
onchip_memory2_0 0x0000000000008020 0x0000000000007fe0
*default*        0x0000000000000000 0xffffffffffffffff

Linker script and memory map

LOAD ../Moi_MA_bsp//obj/HAL/src/crt0.o
LOAD obj/default/hello_world.o
LOAD c:/intelfpga_lite/18.1/nios2eds/bin/gnu/h-x86_64-mingw32/bin/../lib/gcc/nios2-elf/5.3.0/../../../../../H-x86_64-mingw32/nios2-elf/lib/mno-hw-mul\libstdc++.a
LOAD c:/intelfpga_lite/18.1/nios2eds/bin/gnu/h-x86_64-mingw32/bin/../lib/gcc/nios2-elf/5.3.0/../../../../../H-x86_64-mingw32/nios2-elf/lib/mno-hw-mul\libm.a
LOAD c:/intelfpga_lite/18.1/nios2eds/bin/gnu/h-x86_64-mingw32/bin/../lib/gcc/nios2-elf/5.3.0/mno-hw-mul\libgcc.a
START GROUP
LOAD c:/intelfpga_lite/18.1/nios2eds/bin/gnu/h-x86_64-mingw32/bin/../lib/gcc/nios2-elf/5.3.0/../../../../../H-x86_64-mingw32/nios2-elf/lib/mno-hw-mul\libsmallc.a
LOAD c:/intelfpga_lite/18.1/nios2eds/bin/gnu/h-x86_64-mingw32/bin/../lib/gcc/nios2-elf/5.3.0/mno-hw-mul\libgcc.a
LOAD ../Moi_MA_bsp/\libhal_bsp.a
LOAD c:/intelfpga_lite/18.1/nios2eds/bin/gnu/h-x86_64-mingw32/bin/../lib/gcc/nios2-elf/5.3.0/../../../../../H-x86_64-mingw32/nios2-elf/lib/mno-hw-mul\libm.a
END GROUP
LOAD c:/intelfpga_lite/18.1/nios2eds/bin/gnu/h-x86_64-mingw32/bin/../lib/gcc/nios2-elf/5.3.0/mno-hw-mul\libgcc.a
                0x0000000000008000                __alt_mem_onchip_memory2_0 = 0x8000

.entry          0x0000000000008000       0x20
 *(.entry)
 .entry         0x0000000000008000       0x20 ../Moi_MA_bsp//obj/HAL/src/crt0.o
                0x0000000000008000                __reset

.exceptions     0x0000000000008020      0x210
                0x0000000000008020                PROVIDE (__ram_exceptions_start, ABSOLUTE (.))
                0x0000000000008020                . = ALIGN (0x20)
 *(.irq)
 *(.exceptions.entry.label)
 .exceptions.entry.label
                0x0000000000008020        0x0 ../Moi_MA_bsp/\libhal_bsp.a(alt_irq_entry.o)
                0x0000000000008020                alt_irq_entry
 .exceptions.entry.label
                0x0000000000008020        0x0 ../Moi_MA_bsp/\libhal_bsp.a(alt_exception_entry.o)
                0x0000000000008020                alt_exception
 *(.exceptions.entry.user)
 *(.exceptions.entry.ecc_fatal)
 *(.exceptions.entry)
 .exceptions.entry
                0x0000000000008020       0x54 ../Moi_MA_bsp/\libhal_bsp.a(alt_exception_entry.o)
 *(.exceptions.irqtest.user)
 *(.exceptions.irqtest)
 .exceptions.irqtest
                0x0000000000008074       0x10 ../Moi_MA_bsp/\libhal_bsp.a(alt_irq_entry.o)
 *(.exceptions.irqhandler.user)
 *(.exceptions.irqhandler)
 .exceptions.irqhandler
                0x0000000000008084        0x4 ../Moi_MA_bsp/\libhal_bsp.a(alt_irq_entry.o)
 *(.exceptions.irqreturn.user)
 *(.exceptions.irqreturn)
 .exceptions.irqreturn
                0x0000000000008088        0x4 ../Moi_MA_bsp/\libhal_bsp.a(alt_irq_entry.o)
 *(.exceptions.notirq.label)
 .exceptions.notirq.label
                0x000000000000808c        0x0 ../Moi_MA_bsp/\libhal_bsp.a(alt_irq_entry.o)
 *(.exceptions.notirq.user)
 *(.exceptions.notirq)
 .exceptions.notirq
                0x000000000000808c        0x8 ../Moi_MA_bsp/\libhal_bsp.a(alt_exception_entry.o)
 *(.exceptions.soft.user)
 *(.exceptions.soft)
 *(.exceptions.unknown.user)
 *(.exceptions.unknown)
 .exceptions.unknown
                0x0000000000008094       0x14 ../Moi_MA_bsp/\libhal_bsp.a(alt_exception_entry.o)
 *(.exceptions.exit.label)
 .exceptions.exit.label
                0x00000000000080a8        0x0 ../Moi_MA_bsp/\libhal_bsp.a(alt_irq_entry.o)
 .exceptions.exit.label
                0x00000000000080a8        0x0 ../Moi_MA_bsp/\libhal_bsp.a(alt_exception_entry.o)
 *(.exceptions.exit.user)
 *(.exceptions.exit)
 .exceptions.exit
                0x00000000000080a8       0x54 ../Moi_MA_bsp/\libhal_bsp.a(alt_exception_entry.o)
 *(.exceptions)
 .exceptions    0x00000000000080fc       0xd4 ../Moi_MA_bsp/\libhal_bsp.a(alt_irq_handler.o)
                0x00000000000080fc                alt_irq_handler
 .exceptions    0x00000000000081d0       0x60 ../Moi_MA_bsp/\libhal_bsp.a(alt_instruction_exception_entry.o)
                0x00000000000081d0                alt_instruction_exception_entry
                0x0000000000008230                PROVIDE (__ram_exceptions_end, ABSOLUTE (.))
                0x0000000000008020                PROVIDE (__flash_exceptions_start, LOADADDR (.exceptions))

.text           0x0000000000008230     0x1bd0
                [!provide]                        PROVIDE (stext, ABSOLUTE (.))
 *(.interp)
 *(.hash)
 *(.dynsym)
 *(.dynstr)
 *(.gnu.version)
 *(.gnu.version_d)
 *(.gnu.version_r)
 *(.rel.init)
 *(.rela.init)
 *(.rel.text .rel.text.* .rel.gnu.linkonce.t.*)
 *(.rela.text .rela.text.* .rela.gnu.linkonce.t.*)
 *(.rel.fini)
 *(.rela.fini)
 *(.rel.rodata .rel.rodata.* .rel.gnu.linkonce.r.*)
 *(.rela.rodata .rela.rodata.* .rela.gnu.linkonce.r.*)
 *(.rel.data .rel.data.* .rel.gnu.linkonce.d.*)
 *(.rela.data .rela.data.* .rela.gnu.linkonce.d.*)
 *(.rel.tdata .rel.tdata.* .rel.gnu.linkonce.td.*)
 *(.rela.tdata .rela.tdata.* .rela.gnu.linkonce.td.*)
 *(.rel.tbss .rel.tbss.* .rel.gnu.linkonce.tb.*)
 *(.rela.tbss .rela.tbss.* .rela.gnu.linkonce.tb.*)
 *(.rel.ctors)
 *(.rela.ctors)
 *(.rel.dtors)
 *(.rela.dtors)
 *(.rel.got)
 *(.rela.got)
 *(.rel.sdata .rel.sdata.* .rel.gnu.linkonce.s.*)
 *(.rela.sdata .rela.sdata.* .rela.gnu.linkonce.s.*)
 *(.rel.sbss .rel.sbss.* .rel.gnu.linkonce.sb.*)
 *(.rela.sbss .rela.sbss.* .rela.gnu.linkonce.sb.*)
 *(.rel.sdata2 .rel.sdata2.* .rel.gnu.linkonce.s2.*)
 *(.rela.sdata2 .rela.sdata2.* .rela.gnu.linkonce.s2.*)
 *(.rel.sbss2 .rel.sbss2.* .rel.gnu.linkonce.sb2.*)
 *(.rela.sbss2 .rela.sbss2.* .rela.gnu.linkonce.sb2.*)
 *(.rel.bss .rel.bss.* .rel.gnu.linkonce.b.*)
 *(.rela.bss .rela.bss.* .rela.gnu.linkonce.b.*)
 *(.rel.plt)
 *(.rela.plt)
 *(.rel.dyn)
 *(.init)
 *(.plt)
 *(.text .stub .text.* .gnu.linkonce.t.*)
 .text          0x0000000000008230       0x3c ../Moi_MA_bsp//obj/HAL/src/crt0.o
                0x0000000000008230                _start
 .text          0x000000000000826c      0x394 obj/default/hello_world.o
                0x000000000000826c                refresh_display
                0x00000000000082c8                configure_timer
                0x0000000000008340                manual_time_setup
                0x00000000000084b4                timer_isr_routine
                0x00000000000085c4                main
 .text          0x0000000000008600      0x1b0 ../Moi_MA_bsp/\libhal_bsp.a(alt_iic.o)
                0x0000000000008600                alt_ic_isr_register
                0x0000000000008650                alt_ic_irq_enable
                0x00000000000086d8                alt_ic_irq_disable
                0x0000000000008764                alt_ic_irq_enabled
 .text          0x00000000000087b0       0xf0 ../Moi_MA_bsp/\libhal_bsp.a(alt_iic_isr_register.o)
                0x00000000000087b0                alt_iic_isr_register
 .text          0x00000000000088a0        0x0 ../Moi_MA_bsp/\libhal_bsp.a(alt_irq_entry.o)
 .text          0x00000000000088a0        0x0 ../Moi_MA_bsp/\libhal_bsp.a(alt_irq_handler.o)
 .text          0x00000000000088a0        0x0 ../Moi_MA_bsp/\libhal_bsp.a(alt_irq_vars.o)
 .text          0x00000000000088a0       0xec ../Moi_MA_bsp/\libhal_bsp.a(alt_load.o)
                0x0000000000008908                alt_load
 .text          0x000000000000898c       0x7c ../Moi_MA_bsp/\libhal_bsp.a(alt_main.o)
                0x000000000000898c                alt_main
 .text          0x0000000000008a08       0xb8 ../Moi_MA_bsp/\libhal_bsp.a(alt_sys_init.o)
                0x0000000000008a3c                alt_irq_init
                0x0000000000008a74                alt_sys_init
 .text          0x0000000000008ac0       0xc0 ../Moi_MA_bsp/\libhal_bsp.a(altera_avalon_jtag_uart_fd.o)
                0x0000000000008ac0                altera_avalon_jtag_uart_read_fd
                0x0000000000008b20                altera_avalon_jtag_uart_write_fd
 .text          0x0000000000008b80       0xec ../Moi_MA_bsp/\libhal_bsp.a(altera_avalon_jtag_uart_read.o)
                0x0000000000008b80                altera_avalon_jtag_uart_read
 .text          0x0000000000008c6c       0x94 ../Moi_MA_bsp/\libhal_bsp.a(altera_avalon_jtag_uart_write.o)
                0x0000000000008c6c                altera_avalon_jtag_uart_write
 .text          0x0000000000008d00       0xf4 ../Moi_MA_bsp/\libhal_bsp.a(altera_avalon_timer_sc.o)
                0x0000000000008d78                alt_avalon_timer_sc_init
 .text          0x0000000000008df4      0x114 ../Moi_MA_bsp/\libhal_bsp.a(alt_close.o)
                0x0000000000008e30                close
 .text          0x0000000000008f08       0x20 ../Moi_MA_bsp/\libhal_bsp.a(alt_dcache_flush_all.o)
                0x0000000000008f08                alt_dcache_flush_all
 .text          0x0000000000008f28       0x2c ../Moi_MA_bsp/\libhal_bsp.a(alt_dev.o)
 .text          0x0000000000008f54       0xe0 ../Moi_MA_bsp/\libhal_bsp.a(alt_dev_llist_insert.o)
                0x0000000000008f90                alt_dev_llist_insert
 .text          0x0000000000009034       0x60 ../Moi_MA_bsp/\libhal_bsp.a(alt_do_ctors.o)
                0x0000000000009034                _do_ctors
 .text          0x0000000000009094       0x60 ../Moi_MA_bsp/\libhal_bsp.a(alt_do_dtors.o)
                0x0000000000009094                _do_dtors
 .text          0x00000000000090f4        0x0 ../Moi_MA_bsp/\libhal_bsp.a(alt_errno.o)
 .text          0x00000000000090f4        0x0 ../Moi_MA_bsp/\libhal_bsp.a(alt_exception_entry.o)
 .text          0x00000000000090f4       0x20 ../Moi_MA_bsp/\libhal_bsp.a(alt_icache_flush_all.o)
                0x00000000000090f4                alt_icache_flush_all
 .text          0x0000000000009114       0x9c ../Moi_MA_bsp/\libhal_bsp.a(alt_instruction_exception_entry.o)
                0x0000000000009114                alt_exception_cause_generated_bad_addr
 .text          0x00000000000091b0      0x160 ../Moi_MA_bsp/\libhal_bsp.a(alt_io_redirect.o)
                0x0000000000009294                alt_io_redirect
 .text          0x0000000000009310      0x284 ../Moi_MA_bsp/\libhal_bsp.a(alt_open.o)
                0x0000000000009438                open
 .text          0x0000000000009594       0x84 ../Moi_MA_bsp/\libhal_bsp.a(alt_release_fd.o)
                0x0000000000009594                alt_release_fd
 .text          0x0000000000009618      0x1a4 ../Moi_MA_bsp/\libhal_bsp.a(alt_tick.o)
                0x0000000000009618                alt_alarm_stop
                0x00000000000096b4                alt_tick
 .text          0x00000000000097bc       0x24 ../Moi_MA_bsp/\libhal_bsp.a(altera_nios2_gen2_irq.o)
                0x00000000000097bc                altera_nios2_gen2_irq_init
 .text          0x00000000000097e0       0x90 ../Moi_MA_bsp/\libhal_bsp.a(alt_find_dev.o)
                0x00000000000097e0                alt_find_dev
 .text          0x0000000000009870      0x108 ../Moi_MA_bsp/\libhal_bsp.a(alt_find_file.o)
                0x0000000000009870                alt_find_file
 .text          0x0000000000009978       0xc4 ../Moi_MA_bsp/\libhal_bsp.a(alt_get_fd.o)
                0x0000000000009978                alt_get_fd
 .text          0x0000000000009a3c        0x0 c:/intelfpga_lite/18.1/nios2eds/bin/gnu/h-x86_64-mingw32/bin/../lib/gcc/nios2-elf/5.3.0/../../../../../H-x86_64-mingw32/nios2-elf/lib/mno-hw-mul\libsmallc.a(lib_a-atexit.o)
 .text.atexit   0x0000000000009a3c       0x14 c:/intelfpga_lite/18.1/nios2eds/bin/gnu/h-x86_64-mingw32/bin/../lib/gcc/nios2-elf/5.3.0/../../../../../H-x86_64-mingw32/nios2-elf/lib/mno-hw-mul\libsmallc.a(lib_a-atexit.o)
                0x0000000000009a3c                atexit
 .text          0x0000000000009a50        0x0 c:/intelfpga_lite/18.1/nios2eds/bin/gnu/h-x86_64-mingw32/bin/../lib/gcc/nios2-elf/5.3.0/../../../../../H-x86_64-mingw32/nios2-elf/lib/mno-hw-mul\libsmallc.a(lib_a-exit.o)
 .text.exit     0x0000000000009a50       0x20 c:/intelfpga_lite/18.1/nios2eds/bin/gnu/h-x86_64-mingw32/bin/../lib/gcc/nios2-elf/5.3.0/../../../../../H-x86_64-mingw32/nios2-elf/lib/mno-hw-mul\libsmallc.a(lib_a-exit.o)
                0x0000000000009a50                exit
 .text          0x0000000000009a70        0x0 c:/intelfpga_lite/18.1/nios2eds/bin/gnu/h-x86_64-mingw32/bin/../lib/gcc/nios2-elf/5.3.0/../../../../../H-x86_64-mingw32/nios2-elf/lib/mno-hw-mul\libsmallc.a(lib_a-int_errno.o)
 .text          0x0000000000009a70        0x0 c:/intelfpga_lite/18.1/nios2eds/bin/gnu/h-x86_64-mingw32/bin/../lib/gcc/nios2-elf/5.3.0/../../../../../H-x86_64-mingw32/nios2-elf/lib/mno-hw-mul\libsmallc.a(lib_a-memcmp.o)
 .text.memcmp   0x0000000000009a70       0x30 c:/intelfpga_lite/18.1/nios2eds/bin/gnu/h-x86_64-mingw32/bin/../lib/gcc/nios2-elf/5.3.0/../../../../../H-x86_64-mingw32/nios2-elf/lib/mno-hw-mul\libsmallc.a(lib_a-memcmp.o)
                0x0000000000009a70                memcmp
 .text          0x0000000000009aa0        0x0 c:/intelfpga_lite/18.1/nios2eds/bin/gnu/h-x86_64-mingw32/bin/../lib/gcc/nios2-elf/5.3.0/../../../../../H-x86_64-mingw32/nios2-elf/lib/mno-hw-mul\libsmallc.a(lib_a-strlen.o)
 .text.strlen   0x0000000000009aa0       0x1c c:/intelfpga_lite/18.1/nios2eds/bin/gnu/h-x86_64-mingw32/bin/../lib/gcc/nios2-elf/5.3.0/../../../../../H-x86_64-mingw32/nios2-elf/lib/mno-hw-mul\libsmallc.a(lib_a-strlen.o)
                0x0000000000009aa0                strlen
 .text          0x0000000000009abc        0x0 c:/intelfpga_lite/18.1/nios2eds/bin/gnu/h-x86_64-mingw32/bin/../lib/gcc/nios2-elf/5.3.0/../../../../../H-x86_64-mingw32/nios2-elf/lib/mno-hw-mul\libsmallc.a(lib_a-__atexit.o)
 .text.__register_exitproc
                0x0000000000009abc      0x158 c:/intelfpga_lite/18.1/nios2eds/bin/gnu/h-x86_64-mingw32/bin/../lib/gcc/nios2-elf/5.3.0/../../../../../H-x86_64-mingw32/nios2-elf/lib/mno-hw-mul\libsmallc.a(lib_a-__atexit.o)
                0x0000000000009abc                __register_exitproc
 .text          0x0000000000009c14        0x0 c:/intelfpga_lite/18.1/nios2eds/bin/gnu/h-x86_64-mingw32/bin/../lib/gcc/nios2-elf/5.3.0/../../../../../H-x86_64-mingw32/nios2-elf/lib/mno-hw-mul\libsmallc.a(lib_a-__call_atexit.o)
 .text.__call_exitprocs
                0x0000000000009c14      0x190 c:/intelfpga_lite/18.1/nios2eds/bin/gnu/h-x86_64-mingw32/bin/../lib/gcc/nios2-elf/5.3.0/../../../../../H-x86_64-mingw32/nios2-elf/lib/mno-hw-mul\libsmallc.a(lib_a-__call_atexit.o)
                0x0000000000009c14                __call_exitprocs
 .text          0x0000000000009da4        0x0 c:/intelfpga_lite/18.1/nios2eds/bin/gnu/h-x86_64-mingw32/bin/../lib/gcc/nios2-elf/5.3.0/../../../../../H-x86_64-mingw32/nios2-elf/lib/mno-hw-mul\libsmallc.a(lib_a-impure.o)
 .text          0x0000000000009da4       0x28 c:/intelfpga_lite/18.1/nios2eds/bin/gnu/h-x86_64-mingw32/bin/../lib/gcc/nios2-elf/5.3.0/mno-hw-mul\libgcc.a(lib2-mul.o)
                0x0000000000009da4                __mulsi3
 .text          0x0000000000009dcc       0x34 ../Moi_MA_bsp/\libhal_bsp.a(alt_exit.o)
                0x0000000000009dcc                _exit
 *(.gnu.warning.*)
 *(.fini)
                [!provide]                        PROVIDE (__etext, ABSOLUTE (.))
                [!provide]                        PROVIDE (_etext, ABSOLUTE (.))
                [!provide]                        PROVIDE (etext, ABSOLUTE (.))
 *(.eh_frame_hdr)
                0x0000000000009e00                . = ALIGN (0x4)
                [!provide]                        PROVIDE (__preinit_array_start, ABSOLUTE (.))
 *(.preinit_array)
                [!provide]                        PROVIDE (__preinit_array_end, ABSOLUTE (.))
                [!provide]                        PROVIDE (__init_array_start, ABSOLUTE (.))
 *(.init_array)
                [!provide]                        PROVIDE (__init_array_end, ABSOLUTE (.))
                [!provide]                        PROVIDE (__fini_array_start, ABSOLUTE (.))
 *(.fini_array)
                [!provide]                        PROVIDE (__fini_array_end, ABSOLUTE (.))
 *(.eh_frame)
 *(.gcc_except_table .gcc_except_table.*)
 *(.dynamic)
                0x0000000000009e00                PROVIDE (__CTOR_LIST__, ABSOLUTE (.))
 *(.ctors)
 *(SORT(.ctors.*))
                0x0000000000009e00                PROVIDE (__CTOR_END__, ABSOLUTE (.))
                0x0000000000009e00                PROVIDE (__DTOR_LIST__, ABSOLUTE (.))
 *(.dtors)
 *(SORT(.dtors.*))
                0x0000000000009e00                PROVIDE (__DTOR_END__, ABSOLUTE (.))
 *(.jcr)
                0x0000000000009e00                . = ALIGN (0x4)

.rodata         0x0000000000009e00       0x34
                0x0000000000009e00                PROVIDE (__ram_rodata_start, ABSOLUTE (.))
                0x0000000000009e00                . = ALIGN (0x4)
 *(.rodata .rodata.* .gnu.linkonce.r.*)
 .rodata        0x0000000000009e00       0x11 ../Moi_MA_bsp/\libhal_bsp.a(alt_main.o)
 *fill*         0x0000000000009e11        0x3 
 .rodata        0x0000000000009e14       0x11 ../Moi_MA_bsp/\libhal_bsp.a(alt_sys_init.o)
 *fill*         0x0000000000009e25        0x3 
 .rodata        0x0000000000009e28        0xa ../Moi_MA_bsp/\libhal_bsp.a(alt_dev.o)
 *(.rodata1)
                0x0000000000009e34                . = ALIGN (0x4)
 *fill*         0x0000000000009e32        0x2 
                0x0000000000009e34                PROVIDE (__ram_rodata_end, ABSOLUTE (.))
                0x0000000000009e00                PROVIDE (__flash_rodata_start, LOADADDR (.rodata))

.rwdata         0x0000000000009e34      0x2e0 load address 0x000000000000a114
                0x0000000000009e34                PROVIDE (__ram_rwdata_start, ABSOLUTE (.))
                0x0000000000009e34                . = ALIGN (0x4)
 *(.got.plt)
 *(.got)
 *(.data1)
 *(.data .data.* .gnu.linkonce.d.*)
 .data          0x0000000000009e34        0x0 ../Moi_MA_bsp//obj/HAL/src/crt0.o
 .data          0x0000000000009e34        0x0 obj/default/hello_world.o
 .data          0x0000000000009e34        0x0 ../Moi_MA_bsp/\libhal_bsp.a(alt_iic.o)
 .data          0x0000000000009e34        0x0 ../Moi_MA_bsp/\libhal_bsp.a(alt_iic_isr_register.o)
 .data          0x0000000000009e34        0x0 ../Moi_MA_bsp/\libhal_bsp.a(alt_irq_entry.o)
 .data          0x0000000000009e34        0x0 ../Moi_MA_bsp/\libhal_bsp.a(alt_irq_handler.o)
 .data          0x0000000000009e34        0x0 ../Moi_MA_bsp/\libhal_bsp.a(alt_irq_vars.o)
 .data          0x0000000000009e34        0x0 ../Moi_MA_bsp/\libhal_bsp.a(alt_load.o)
 .data          0x0000000000009e34        0x0 ../Moi_MA_bsp/\libhal_bsp.a(alt_main.o)
 .data          0x0000000000009e34       0x2c ../Moi_MA_bsp/\libhal_bsp.a(alt_sys_init.o)
 .data          0x0000000000009e60        0x0 ../Moi_MA_bsp/\libhal_bsp.a(altera_avalon_jtag_uart_fd.o)
 .data          0x0000000000009e60        0x0 ../Moi_MA_bsp/\libhal_bsp.a(altera_avalon_jtag_uart_read.o)
 .data          0x0000000000009e60        0x0 ../Moi_MA_bsp/\libhal_bsp.a(altera_avalon_jtag_uart_write.o)
 .data          0x0000000000009e60        0x0 ../Moi_MA_bsp/\libhal_bsp.a(altera_avalon_timer_sc.o)
 .data          0x0000000000009e60        0x0 ../Moi_MA_bsp/\libhal_bsp.a(alt_close.o)
 .data          0x0000000000009e60        0x0 ../Moi_MA_bsp/\libhal_bsp.a(alt_dcache_flush_all.o)
 .data          0x0000000000009e60      0x1a8 ../Moi_MA_bsp/\libhal_bsp.a(alt_dev.o)
                0x0000000000009e60                alt_dev_null
                0x0000000000009e88                alt_fd_list
 .data          0x000000000000a008        0x0 ../Moi_MA_bsp/\libhal_bsp.a(alt_dev_llist_insert.o)
 .data          0x000000000000a008        0x0 ../Moi_MA_bsp/\libhal_bsp.a(alt_do_ctors.o)
 .data          0x000000000000a008        0x0 ../Moi_MA_bsp/\libhal_bsp.a(alt_do_dtors.o)
 .data          0x000000000000a008        0x0 ../Moi_MA_bsp/\libhal_bsp.a(alt_errno.o)
 .data          0x000000000000a008        0x0 ../Moi_MA_bsp/\libhal_bsp.a(alt_exception_entry.o)
 .data          0x000000000000a008        0x0 ../Moi_MA_bsp/\libhal_bsp.a(alt_icache_flush_all.o)
 .data          0x000000000000a008        0x0 ../Moi_MA_bsp/\libhal_bsp.a(alt_instruction_exception_entry.o)
 .data          0x000000000000a008        0x0 ../Moi_MA_bsp/\libhal_bsp.a(alt_io_redirect.o)
 .data          0x000000000000a008        0x0 ../Moi_MA_bsp/\libhal_bsp.a(alt_open.o)
 .data          0x000000000000a008        0x0 ../Moi_MA_bsp/\libhal_bsp.a(alt_release_fd.o)
 .data          0x000000000000a008        0x0 ../Moi_MA_bsp/\libhal_bsp.a(alt_tick.o)
 .data          0x000000000000a008        0x0 ../Moi_MA_bsp/\libhal_bsp.a(altera_nios2_gen2_irq.o)
 .data          0x000000000000a008        0x0 ../Moi_MA_bsp/\libhal_bsp.a(alt_find_dev.o)
 .data          0x000000000000a008        0x0 ../Moi_MA_bsp/\libhal_bsp.a(alt_find_file.o)
 .data          0x000000000000a008        0x0 ../Moi_MA_bsp/\libhal_bsp.a(alt_get_fd.o)
 .data          0x000000000000a008        0x0 c:/intelfpga_lite/18.1/nios2eds/bin/gnu/h-x86_64-mingw32/bin/../lib/gcc/nios2-elf/5.3.0/../../../../../H-x86_64-mingw32/nios2-elf/lib/mno-hw-mul\libsmallc.a(lib_a-atexit.o)
 .data          0x000000000000a008        0x0 c:/intelfpga_lite/18.1/nios2eds/bin/gnu/h-x86_64-mingw32/bin/../lib/gcc/nios2-elf/5.3.0/../../../../../H-x86_64-mingw32/nios2-elf/lib/mno-hw-mul\libsmallc.a(lib_a-exit.o)
 .data          0x000000000000a008        0x0 c:/intelfpga_lite/18.1/nios2eds/bin/gnu/h-x86_64-mingw32/bin/../lib/gcc/nios2-elf/5.3.0/../../../../../H-x86_64-mingw32/nios2-elf/lib/mno-hw-mul\libsmallc.a(lib_a-int_errno.o)
 .data          0x000000000000a008        0x0 c:/intelfpga_lite/18.1/nios2eds/bin/gnu/h-x86_64-mingw32/bin/../lib/gcc/nios2-elf/5.3.0/../../../../../H-x86_64-mingw32/nios2-elf/lib/mno-hw-mul\libsmallc.a(lib_a-memcmp.o)
 .data          0x000000000000a008        0x0 c:/intelfpga_lite/18.1/nios2eds/bin/gnu/h-x86_64-mingw32/bin/../lib/gcc/nios2-elf/5.3.0/../../../../../H-x86_64-mingw32/nios2-elf/lib/mno-hw-mul\libsmallc.a(lib_a-strlen.o)
 .data          0x000000000000a008        0x0 c:/intelfpga_lite/18.1/nios2eds/bin/gnu/h-x86_64-mingw32/bin/../lib/gcc/nios2-elf/5.3.0/../../../../../H-x86_64-mingw32/nios2-elf/lib/mno-hw-mul\libsmallc.a(lib_a-__atexit.o)
 .data          0x000000000000a008        0x0 c:/intelfpga_lite/18.1/nios2eds/bin/gnu/h-x86_64-mingw32/bin/../lib/gcc/nios2-elf/5.3.0/../../../../../H-x86_64-mingw32/nios2-elf/lib/mno-hw-mul\libsmallc.a(lib_a-__call_atexit.o)
 .data          0x000000000000a008        0x0 c:/intelfpga_lite/18.1/nios2eds/bin/gnu/h-x86_64-mingw32/bin/../lib/gcc/nios2-elf/5.3.0/../../../../../H-x86_64-mingw32/nios2-elf/lib/mno-hw-mul\libsmallc.a(lib_a-impure.o)
 .data.impure_data
                0x000000000000a008       0xe0 c:/intelfpga_lite/18.1/nios2eds/bin/gnu/h-x86_64-mingw32/bin/../lib/gcc/nios2-elf/5.3.0/../../../../../H-x86_64-mingw32/nios2-elf/lib/mno-hw-mul\libsmallc.a(lib_a-impure.o)
 .data          0x000000000000a0e8        0x0 c:/intelfpga_lite/18.1/nios2eds/bin/gnu/h-x86_64-mingw32/bin/../lib/gcc/nios2-elf/5.3.0/mno-hw-mul\libgcc.a(lib2-mul.o)
 .data          0x000000000000a0e8        0x0 ../Moi_MA_bsp/\libhal_bsp.a(alt_exit.o)
                0x00000000000120e8                _gp = ABSOLUTE ((. + 0x8000))
                [!provide]                        PROVIDE (gp, _gp)
 *(.rwdata .rwdata.*)
 *(.sdata .sdata.* .gnu.linkonce.s.*)
 .sdata         0x000000000000a0e8        0x4 ../Moi_MA_bsp/\libhal_bsp.a(alt_irq_vars.o)
                0x000000000000a0e8                alt_priority_mask
 .sdata         0x000000000000a0ec       0x14 ../Moi_MA_bsp/\libhal_bsp.a(alt_dev.o)
                0x000000000000a0ec                alt_fs_list
                0x000000000000a0f4                alt_dev_list
                0x000000000000a0fc                alt_max_fd
 .sdata         0x000000000000a100        0x4 ../Moi_MA_bsp/\libhal_bsp.a(alt_errno.o)
                0x000000000000a100                alt_errno
 .sdata         0x000000000000a104        0x8 ../Moi_MA_bsp/\libhal_bsp.a(alt_tick.o)
                0x000000000000a104                alt_alarm_list
 .sdata._global_impure_ptr
                0x000000000000a10c        0x4 c:/intelfpga_lite/18.1/nios2eds/bin/gnu/h-x86_64-mingw32/bin/../lib/gcc/nios2-elf/5.3.0/../../../../../H-x86_64-mingw32/nios2-elf/lib/mno-hw-mul\libsmallc.a(lib_a-impure.o)
                0x000000000000a10c                _global_impure_ptr
 .sdata._impure_ptr
                0x000000000000a110        0x4 c:/intelfpga_lite/18.1/nios2eds/bin/gnu/h-x86_64-mingw32/bin/../lib/gcc/nios2-elf/5.3.0/../../../../../H-x86_64-mingw32/nios2-elf/lib/mno-hw-mul\libsmallc.a(lib_a-impure.o)
                0x000000000000a110                _impure_ptr
 *(.sdata2 .sdata2.* .gnu.linkonce.s2.*)
                0x000000000000a114                . = ALIGN (0x4)
                0x000000000000a114                _edata = ABSOLUTE (.)
                [!provide]                        PROVIDE (edata, ABSOLUTE (.))
                0x000000000000a114                PROVIDE (__ram_rwdata_end, ABSOLUTE (.))
                0x000000000000a114                PROVIDE (__flash_rwdata_start, LOADADDR (.rwdata))

.bss            0x000000000000a3f4      0x12c
                0x000000000000a3f4                __bss_start = ABSOLUTE (.)
                [!provide]                        PROVIDE (__sbss_start, ABSOLUTE (.))
                [!provide]                        PROVIDE (___sbss_start, ABSOLUTE (.))
 *(.dynsbss)
 *(.sbss .sbss.* .gnu.linkonce.sb.*)
 .sbss          0x000000000000a3f4        0xc obj/default/hello_world.o
                0x000000000000a3f4                rtc_sec
                0x000000000000a3f8                rtc_min
                0x000000000000a3fc                rtc_hour
 .sbss          0x000000000000a400        0x4 ../Moi_MA_bsp/\libhal_bsp.a(alt_irq_vars.o)
                0x000000000000a400                alt_irq_active
 .sbss          0x000000000000a404        0xc ../Moi_MA_bsp/\libhal_bsp.a(alt_main.o)
                0x000000000000a404                alt_argc
                0x000000000000a408                alt_argv
                0x000000000000a40c                alt_envp
 .sbss          0x000000000000a410        0x4 ../Moi_MA_bsp/\libhal_bsp.a(alt_instruction_exception_entry.o)
                0x000000000000a410                alt_instruction_exception_handler
 .sbss          0x000000000000a414        0x8 ../Moi_MA_bsp/\libhal_bsp.a(alt_tick.o)
                0x000000000000a414                _alt_tick_rate
                0x000000000000a418                _alt_nticks
 .sbss          0x000000000000a41c        0x4 c:/intelfpga_lite/18.1/nios2eds/bin/gnu/h-x86_64-mingw32/bin/../lib/gcc/nios2-elf/5.3.0/../../../../../H-x86_64-mingw32/nios2-elf/lib/mno-hw-mul\libsmallc.a(lib_a-int_errno.o)
                0x000000000000a41c                errno
 *(.sbss2 .sbss2.* .gnu.linkonce.sb2.*)
 *(.scommon)
                [!provide]                        PROVIDE (__sbss_end, ABSOLUTE (.))
                [!provide]                        PROVIDE (___sbss_end, ABSOLUTE (.))
 *(.dynbss)
 *(.bss .bss.* .gnu.linkonce.b.*)
 .bss           0x000000000000a420        0x0 ../Moi_MA_bsp//obj/HAL/src/crt0.o
 .bss           0x000000000000a420        0x0 obj/default/hello_world.o
 .bss           0x000000000000a420        0x0 ../Moi_MA_bsp/\libhal_bsp.a(alt_iic.o)
 .bss           0x000000000000a420        0x0 ../Moi_MA_bsp/\libhal_bsp.a(alt_iic_isr_register.o)
 .bss           0x000000000000a420        0x0 ../Moi_MA_bsp/\libhal_bsp.a(alt_irq_entry.o)
 .bss           0x000000000000a420        0x0 ../Moi_MA_bsp/\libhal_bsp.a(alt_irq_handler.o)
 .bss           0x000000000000a420        0x0 ../Moi_MA_bsp/\libhal_bsp.a(alt_irq_vars.o)
 .bss           0x000000000000a420        0x0 ../Moi_MA_bsp/\libhal_bsp.a(alt_load.o)
 .bss           0x000000000000a420        0x0 ../Moi_MA_bsp/\libhal_bsp.a(alt_main.o)
 .bss           0x000000000000a420        0x0 ../Moi_MA_bsp/\libhal_bsp.a(alt_sys_init.o)
 .bss           0x000000000000a420        0x0 ../Moi_MA_bsp/\libhal_bsp.a(altera_avalon_jtag_uart_fd.o)
 .bss           0x000000000000a420        0x0 ../Moi_MA_bsp/\libhal_bsp.a(altera_avalon_jtag_uart_read.o)
 .bss           0x000000000000a420        0x0 ../Moi_MA_bsp/\libhal_bsp.a(altera_avalon_jtag_uart_write.o)
 .bss           0x000000000000a420        0x0 ../Moi_MA_bsp/\libhal_bsp.a(altera_avalon_timer_sc.o)
 .bss           0x000000000000a420        0x0 ../Moi_MA_bsp/\libhal_bsp.a(alt_close.o)
 .bss           0x000000000000a420        0x0 ../Moi_MA_bsp/\libhal_bsp.a(alt_dcache_flush_all.o)
 .bss           0x000000000000a420        0x0 ../Moi_MA_bsp/\libhal_bsp.a(alt_dev.o)
 .bss           0x000000000000a420        0x0 ../Moi_MA_bsp/\libhal_bsp.a(alt_dev_llist_insert.o)
 .bss           0x000000000000a420        0x0 ../Moi_MA_bsp/\libhal_bsp.a(alt_do_ctors.o)
 .bss           0x000000000000a420        0x0 ../Moi_MA_bsp/\libhal_bsp.a(alt_do_dtors.o)
 .bss           0x000000000000a420        0x0 ../Moi_MA_bsp/\libhal_bsp.a(alt_errno.o)
 .bss           0x000000000000a420        0x0 ../Moi_MA_bsp/\libhal_bsp.a(alt_exception_entry.o)
 .bss           0x000000000000a420        0x0 ../Moi_MA_bsp/\libhal_bsp.a(alt_icache_flush_all.o)
 .bss           0x000000000000a420        0x0 ../Moi_MA_bsp/\libhal_bsp.a(alt_instruction_exception_entry.o)
 .bss           0x000000000000a420        0x0 ../Moi_MA_bsp/\libhal_bsp.a(alt_io_redirect.o)
 .bss           0x000000000000a420        0x0 ../Moi_MA_bsp/\libhal_bsp.a(alt_open.o)
 .bss           0x000000000000a420        0x0 ../Moi_MA_bsp/\libhal_bsp.a(alt_release_fd.o)
 .bss           0x000000000000a420        0x0 ../Moi_MA_bsp/\libhal_bsp.a(alt_tick.o)
 .bss           0x000000000000a420        0x0 ../Moi_MA_bsp/\libhal_bsp.a(altera_nios2_gen2_irq.o)
 .bss           0x000000000000a420        0x0 ../Moi_MA_bsp/\libhal_bsp.a(alt_find_dev.o)
 .bss           0x000000000000a420        0x0 ../Moi_MA_bsp/\libhal_bsp.a(alt_find_file.o)
 .bss           0x000000000000a420        0x0 ../Moi_MA_bsp/\libhal_bsp.a(alt_get_fd.o)
 .bss           0x000000000000a420        0x0 c:/intelfpga_lite/18.1/nios2eds/bin/gnu/h-x86_64-mingw32/bin/../lib/gcc/nios2-elf/5.3.0/../../../../../H-x86_64-mingw32/nios2-elf/lib/mno-hw-mul\libsmallc.a(lib_a-atexit.o)
 .bss           0x000000000000a420        0x0 c:/intelfpga_lite/18.1/nios2eds/bin/gnu/h-x86_64-mingw32/bin/../lib/gcc/nios2-elf/5.3.0/../../../../../H-x86_64-mingw32/nios2-elf/lib/mno-hw-mul\libsmallc.a(lib_a-exit.o)
 .bss           0x000000000000a420        0x0 c:/intelfpga_lite/18.1/nios2eds/bin/gnu/h-x86_64-mingw32/bin/../lib/gcc/nios2-elf/5.3.0/../../../../../H-x86_64-mingw32/nios2-elf/lib/mno-hw-mul\libsmallc.a(lib_a-int_errno.o)
 .bss           0x000000000000a420        0x0 c:/intelfpga_lite/18.1/nios2eds/bin/gnu/h-x86_64-mingw32/bin/../lib/gcc/nios2-elf/5.3.0/../../../../../H-x86_64-mingw32/nios2-elf/lib/mno-hw-mul\libsmallc.a(lib_a-memcmp.o)
 .bss           0x000000000000a420        0x0 c:/intelfpga_lite/18.1/nios2eds/bin/gnu/h-x86_64-mingw32/bin/../lib/gcc/nios2-elf/5.3.0/../../../../../H-x86_64-mingw32/nios2-elf/lib/mno-hw-mul\libsmallc.a(lib_a-strlen.o)
 .bss           0x000000000000a420        0x0 c:/intelfpga_lite/18.1/nios2eds/bin/gnu/h-x86_64-mingw32/bin/../lib/gcc/nios2-elf/5.3.0/../../../../../H-x86_64-mingw32/nios2-elf/lib/mno-hw-mul\libsmallc.a(lib_a-__atexit.o)
 .bss           0x000000000000a420        0x0 c:/intelfpga_lite/18.1/nios2eds/bin/gnu/h-x86_64-mingw32/bin/../lib/gcc/nios2-elf/5.3.0/../../../../../H-x86_64-mingw32/nios2-elf/lib/mno-hw-mul\libsmallc.a(lib_a-__call_atexit.o)
 .bss           0x000000000000a420        0x0 c:/intelfpga_lite/18.1/nios2eds/bin/gnu/h-x86_64-mingw32/bin/../lib/gcc/nios2-elf/5.3.0/../../../../../H-x86_64-mingw32/nios2-elf/lib/mno-hw-mul\libsmallc.a(lib_a-impure.o)
 .bss           0x000000000000a420        0x0 c:/intelfpga_lite/18.1/nios2eds/bin/gnu/h-x86_64-mingw32/bin/../lib/gcc/nios2-elf/5.3.0/mno-hw-mul\libgcc.a(lib2-mul.o)
 .bss           0x000000000000a420        0x0 ../Moi_MA_bsp/\libhal_bsp.a(alt_exit.o)
 *(COMMON)
 COMMON         0x000000000000a420      0x100 ../Moi_MA_bsp/\libhal_bsp.a(alt_irq_handler.o)
                0x000000000000a420                alt_irq
                0x000000000000a520                . = ALIGN (0x4)
                0x000000000000a520                __bss_end = ABSOLUTE (.)

.onchip_memory2_0
                0x000000000000a520        0x0
                [!provide]                        PROVIDE (_alt_partition_onchip_memory2_0_start, ABSOLUTE (.))
 *(.onchip_memory2_0 .onchip_memory2_0. onchip_memory2_0.*)
                0x000000000000a520                . = ALIGN (0x4)
                [!provide]                        PROVIDE (_alt_partition_onchip_memory2_0_end, ABSOLUTE (.))
                0x000000000000a520                _end = ABSOLUTE (.)
                0x000000000000a520                end = ABSOLUTE (.)
                0x000000000000a520                __alt_stack_base = ABSOLUTE (.)
                [!provide]                        PROVIDE (_alt_partition_onchip_memory2_0_load_addr, LOADADDR (.onchip_memory2_0))

.stab
 *(.stab)

.stabstr
 *(.stabstr)

.stab.excl
 *(.stab.excl)

.stab.exclstr
 *(.stab.exclstr)

.stab.index
 *(.stab.index)

.stab.indexstr
 *(.stab.indexstr)

.comment        0x0000000000000000       0x23
 *(.comment)
 .comment       0x0000000000000000       0x23 obj/default/hello_world.o
                                         0x24 (size before relaxing)
 .comment       0x0000000000000023       0x24 ../Moi_MA_bsp/\libhal_bsp.a(alt_iic.o)
 .comment       0x0000000000000023       0x24 ../Moi_MA_bsp/\libhal_bsp.a(alt_iic_isr_register.o)
 .comment       0x0000000000000023       0x24 ../Moi_MA_bsp/\libhal_bsp.a(alt_irq_handler.o)
 .comment       0x0000000000000023       0x24 ../Moi_MA_bsp/\libhal_bsp.a(alt_irq_vars.o)
 .comment       0x0000000000000023       0x24 ../Moi_MA_bsp/\libhal_bsp.a(alt_load.o)
 .comment       0x0000000000000023       0x24 ../Moi_MA_bsp/\libhal_bsp.a(alt_main.o)
 .comment       0x0000000000000023       0x24 ../Moi_MA_bsp/\libhal_bsp.a(alt_sys_init.o)
 .comment       0x0000000000000023       0x24 ../Moi_MA_bsp/\libhal_bsp.a(altera_avalon_jtag_uart_fd.o)
 .comment       0x0000000000000023       0x24 ../Moi_MA_bsp/\libhal_bsp.a(altera_avalon_jtag_uart_read.o)
 .comment       0x0000000000000023       0x24 ../Moi_MA_bsp/\libhal_bsp.a(altera_avalon_jtag_uart_write.o)
 .comment       0x0000000000000023       0x24 ../Moi_MA_bsp/\libhal_bsp.a(altera_avalon_timer_sc.o)
 .comment       0x0000000000000023       0x24 ../Moi_MA_bsp/\libhal_bsp.a(alt_close.o)
 .comment       0x0000000000000023       0x24 ../Moi_MA_bsp/\libhal_bsp.a(alt_dcache_flush_all.o)
 .comment       0x0000000000000023       0x24 ../Moi_MA_bsp/\libhal_bsp.a(alt_dev.o)
 .comment       0x0000000000000023       0x24 ../Moi_MA_bsp/\libhal_bsp.a(alt_dev_llist_insert.o)
 .comment       0x0000000000000023       0x24 ../Moi_MA_bsp/\libhal_bsp.a(alt_do_ctors.o)
 .comment       0x0000000000000023       0x24 ../Moi_MA_bsp/\libhal_bsp.a(alt_do_dtors.o)
 .comment       0x0000000000000023       0x24 ../Moi_MA_bsp/\libhal_bsp.a(alt_errno.o)
 .comment       0x0000000000000023       0x24 ../Moi_MA_bsp/\libhal_bsp.a(alt_icache_flush_all.o)
 .comment       0x0000000000000023       0x24 ../Moi_MA_bsp/\libhal_bsp.a(alt_instruction_exception_entry.o)
 .comment       0x0000000000000023       0x24 ../Moi_MA_bsp/\libhal_bsp.a(alt_io_redirect.o)
 .comment       0x0000000000000023       0x24 ../Moi_MA_bsp/\libhal_bsp.a(alt_open.o)
 .comment       0x0000000000000023       0x24 ../Moi_MA_bsp/\libhal_bsp.a(alt_release_fd.o)
 .comment       0x0000000000000023       0x24 ../Moi_MA_bsp/\libhal_bsp.a(alt_tick.o)
 .comment       0x0000000000000023       0x24 ../Moi_MA_bsp/\libhal_bsp.a(altera_nios2_gen2_irq.o)
 .comment       0x0000000000000023       0x24 ../Moi_MA_bsp/\libhal_bsp.a(alt_find_dev.o)
 .comment       0x0000000000000023       0x24 ../Moi_MA_bsp/\libhal_bsp.a(alt_find_file.o)
 .comment       0x0000000000000023       0x24 ../Moi_MA_bsp/\libhal_bsp.a(alt_get_fd.o)
 .comment       0x0000000000000023       0x24 c:/intelfpga_lite/18.1/nios2eds/bin/gnu/h-x86_64-mingw32/bin/../lib/gcc/nios2-elf/5.3.0/../../../../../H-x86_64-mingw32/nios2-elf/lib/mno-hw-mul\libsmallc.a(lib_a-atexit.o)
 .comment       0x0000000000000023       0x24 c:/intelfpga_lite/18.1/nios2eds/bin/gnu/h-x86_64-mingw32/bin/../lib/gcc/nios2-elf/5.3.0/../../../../../H-x86_64-mingw32/nios2-elf/lib/mno-hw-mul\libsmallc.a(lib_a-exit.o)
 .comment       0x0000000000000023       0x24 c:/intelfpga_lite/18.1/nios2eds/bin/gnu/h-x86_64-mingw32/bin/../lib/gcc/nios2-elf/5.3.0/../../../../../H-x86_64-mingw32/nios2-elf/lib/mno-hw-mul\libsmallc.a(lib_a-int_errno.o)
 .comment       0x0000000000000023       0x24 c:/intelfpga_lite/18.1/nios2eds/bin/gnu/h-x86_64-mingw32/bin/../lib/gcc/nios2-elf/5.3.0/../../../../../H-x86_64-mingw32/nios2-elf/lib/mno-hw-mul\libsmallc.a(lib_a-memcmp.o)
 .comment       0x0000000000000023       0x24 c:/intelfpga_lite/18.1/nios2eds/bin/gnu/h-x86_64-mingw32/bin/../lib/gcc/nios2-elf/5.3.0/../../../../../H-x86_64-mingw32/nios2-elf/lib/mno-hw-mul\libsmallc.a(lib_a-strlen.o)
 .comment       0x0000000000000023       0x24 c:/intelfpga_lite/18.1/nios2eds/bin/gnu/h-x86_64-mingw32/bin/../lib/gcc/nios2-elf/5.3.0/../../../../../H-x86_64-mingw32/nios2-elf/lib/mno-hw-mul\libsmallc.a(lib_a-__atexit.o)
 .comment       0x0000000000000023       0x24 c:/intelfpga_lite/18.1/nios2eds/bin/gnu/h-x86_64-mingw32/bin/../lib/gcc/nios2-elf/5.3.0/../../../../../H-x86_64-mingw32/nios2-elf/lib/mno-hw-mul\libsmallc.a(lib_a-__call_atexit.o)
 .comment       0x0000000000000023       0x24 c:/intelfpga_lite/18.1/nios2eds/bin/gnu/h-x86_64-mingw32/bin/../lib/gcc/nios2-elf/5.3.0/../../../../../H-x86_64-mingw32/nios2-elf/lib/mno-hw-mul\libsmallc.a(lib_a-impure.o)
 .comment       0x0000000000000023       0x24 c:/intelfpga_lite/18.1/nios2eds/bin/gnu/h-x86_64-mingw32/bin/../lib/gcc/nios2-elf/5.3.0/mno-hw-mul\libgcc.a(lib2-mul.o)
 .comment       0x0000000000000023       0x24 ../Moi_MA_bsp/\libhal_bsp.a(alt_exit.o)

.debug
 *(.debug)

.line
 *(.line)

.debug_srcinfo
 *(.debug_srcinfo)

.debug_sfnames
 *(.debug_sfnames)

.debug_aranges  0x0000000000000000      0x558
 *(.debug_aranges)
 .debug_aranges
                0x0000000000000000       0x28 ../Moi_MA_bsp//obj/HAL/src/crt0.o
 .debug_aranges
                0x0000000000000028       0x20 obj/default/hello_world.o
 .debug_aranges
                0x0000000000000048       0x20 ../Moi_MA_bsp/\libhal_bsp.a(alt_iic.o)
 .debug_aranges
                0x0000000000000068       0x20 ../Moi_MA_bsp/\libhal_bsp.a(alt_iic_isr_register.o)
 .debug_aranges
                0x0000000000000088       0x30 ../Moi_MA_bsp/\libhal_bsp.a(alt_irq_entry.o)
 .debug_aranges
                0x00000000000000b8       0x20 ../Moi_MA_bsp/\libhal_bsp.a(alt_irq_handler.o)
 .debug_aranges
                0x00000000000000d8       0x18 ../Moi_MA_bsp/\libhal_bsp.a(alt_irq_vars.o)
 .debug_aranges
                0x00000000000000f0       0x20 ../Moi_MA_bsp/\libhal_bsp.a(alt_load.o)
 .debug_aranges
                0x0000000000000110       0x20 ../Moi_MA_bsp/\libhal_bsp.a(alt_main.o)
 .debug_aranges
                0x0000000000000130       0x20 ../Moi_MA_bsp/\libhal_bsp.a(alt_sys_init.o)
 .debug_aranges
                0x0000000000000150       0x20 ../Moi_MA_bsp/\libhal_bsp.a(altera_avalon_jtag_uart_fd.o)
 .debug_aranges
                0x0000000000000170       0x20 ../Moi_MA_bsp/\libhal_bsp.a(altera_avalon_jtag_uart_read.o)
 .debug_aranges
                0x0000000000000190       0x20 ../Moi_MA_bsp/\libhal_bsp.a(altera_avalon_jtag_uart_write.o)
 .debug_aranges
                0x00000000000001b0       0x20 ../Moi_MA_bsp/\libhal_bsp.a(altera_avalon_timer_sc.o)
 .debug_aranges
                0x00000000000001d0       0x20 ../Moi_MA_bsp/\libhal_bsp.a(alt_close.o)
 .debug_aranges
                0x00000000000001f0       0x20 ../Moi_MA_bsp/\libhal_bsp.a(alt_dcache_flush_all.o)
 .debug_aranges
                0x0000000000000210       0x20 ../Moi_MA_bsp/\libhal_bsp.a(alt_dev.o)
 .debug_aranges
                0x0000000000000230       0x20 ../Moi_MA_bsp/\libhal_bsp.a(alt_dev_llist_insert.o)
 .debug_aranges
                0x0000000000000250       0x20 ../Moi_MA_bsp/\libhal_bsp.a(alt_do_ctors.o)
 .debug_aranges
                0x0000000000000270       0x20 ../Moi_MA_bsp/\libhal_bsp.a(alt_do_dtors.o)
 .debug_aranges
                0x0000000000000290       0x18 ../Moi_MA_bsp/\libhal_bsp.a(alt_errno.o)
 .debug_aranges
                0x00000000000002a8       0x38 ../Moi_MA_bsp/\libhal_bsp.a(alt_exception_entry.o)
 .debug_aranges
                0x00000000000002e0       0x20 ../Moi_MA_bsp/\libhal_bsp.a(alt_icache_flush_all.o)
 .debug_aranges
                0x0000000000000300       0x28 ../Moi_MA_bsp/\libhal_bsp.a(alt_instruction_exception_entry.o)
 .debug_aranges
                0x0000000000000328       0x20 ../Moi_MA_bsp/\libhal_bsp.a(alt_io_redirect.o)
 .debug_aranges
                0x0000000000000348       0x20 ../Moi_MA_bsp/\libhal_bsp.a(alt_open.o)
 .debug_aranges
                0x0000000000000368       0x20 ../Moi_MA_bsp/\libhal_bsp.a(alt_release_fd.o)
 .debug_aranges
                0x0000000000000388       0x20 ../Moi_MA_bsp/\libhal_bsp.a(alt_tick.o)
 .debug_aranges
                0x00000000000003a8       0x20 ../Moi_MA_bsp/\libhal_bsp.a(altera_nios2_gen2_irq.o)
 .debug_aranges
                0x00000000000003c8       0x20 ../Moi_MA_bsp/\libhal_bsp.a(alt_find_dev.o)
 .debug_aranges
                0x00000000000003e8       0x20 ../Moi_MA_bsp/\libhal_bsp.a(alt_find_file.o)
 .debug_aranges
                0x0000000000000408       0x20 ../Moi_MA_bsp/\libhal_bsp.a(alt_get_fd.o)
 .debug_aranges
                0x0000000000000428       0x20 c:/intelfpga_lite/18.1/nios2eds/bin/gnu/h-x86_64-mingw32/bin/../lib/gcc/nios2-elf/5.3.0/../../../../../H-x86_64-mingw32/nios2-elf/lib/mno-hw-mul\libsmallc.a(lib_a-atexit.o)
 .debug_aranges
                0x0000000000000448       0x20 c:/intelfpga_lite/18.1/nios2eds/bin/gnu/h-x86_64-mingw32/bin/../lib/gcc/nios2-elf/5.3.0/../../../../../H-x86_64-mingw32/nios2-elf/lib/mno-hw-mul\libsmallc.a(lib_a-exit.o)
 .debug_aranges
                0x0000000000000468       0x18 c:/intelfpga_lite/18.1/nios2eds/bin/gnu/h-x86_64-mingw32/bin/../lib/gcc/nios2-elf/5.3.0/../../../../../H-x86_64-mingw32/nios2-elf/lib/mno-hw-mul\libsmallc.a(lib_a-int_errno.o)
 .debug_aranges
                0x0000000000000480       0x20 c:/intelfpga_lite/18.1/nios2eds/bin/gnu/h-x86_64-mingw32/bin/../lib/gcc/nios2-elf/5.3.0/../../../../../H-x86_64-mingw32/nios2-elf/lib/mno-hw-mul\libsmallc.a(lib_a-memcmp.o)
 .debug_aranges
                0x00000000000004a0       0x20 c:/intelfpga_lite/18.1/nios2eds/bin/gnu/h-x86_64-mingw32/bin/../lib/gcc/nios2-elf/5.3.0/../../../../../H-x86_64-mingw32/nios2-elf/lib/mno-hw-mul\libsmallc.a(lib_a-strlen.o)
 .debug_aranges
                0x00000000000004c0       0x20 c:/intelfpga_lite/18.1/nios2eds/bin/gnu/h-x86_64-mingw32/bin/../lib/gcc/nios2-elf/5.3.0/../../../../../H-x86_64-mingw32/nios2-elf/lib/mno-hw-mul\libsmallc.a(lib_a-__atexit.o)
 .debug_aranges
                0x00000000000004e0       0x20 c:/intelfpga_lite/18.1/nios2eds/bin/gnu/h-x86_64-mingw32/bin/../lib/gcc/nios2-elf/5.3.0/../../../../../H-x86_64-mingw32/nios2-elf/lib/mno-hw-mul\libsmallc.a(lib_a-__call_atexit.o)
 .debug_aranges
                0x0000000000000500       0x18 c:/intelfpga_lite/18.1/nios2eds/bin/gnu/h-x86_64-mingw32/bin/../lib/gcc/nios2-elf/5.3.0/../../../../../H-x86_64-mingw32/nios2-elf/lib/mno-hw-mul\libsmallc.a(lib_a-impure.o)
 .debug_aranges
                0x0000000000000518       0x20 c:/intelfpga_lite/18.1/nios2eds/bin/gnu/h-x86_64-mingw32/bin/../lib/gcc/nios2-elf/5.3.0/mno-hw-mul\libgcc.a(lib2-mul.o)
 .debug_aranges
                0x0000000000000538       0x20 ../Moi_MA_bsp/\libhal_bsp.a(alt_exit.o)

.debug_pubnames
 *(.debug_pubnames)

.debug_info     0x0000000000000000     0x574d
 *(.debug_info .gnu.linkonce.wi.*)
 .debug_info    0x0000000000000000       0x7b ../Moi_MA_bsp//obj/HAL/src/crt0.o
 .debug_info    0x000000000000007b      0x19e obj/default/hello_world.o
 .debug_info    0x0000000000000219      0x350 ../Moi_MA_bsp/\libhal_bsp.a(alt_iic.o)
 .debug_info    0x0000000000000569      0x1ef ../Moi_MA_bsp/\libhal_bsp.a(alt_iic_isr_register.o)
 .debug_info    0x0000000000000758       0x84 ../Moi_MA_bsp/\libhal_bsp.a(alt_irq_entry.o)
 .debug_info    0x00000000000007dc      0x187 ../Moi_MA_bsp/\libhal_bsp.a(alt_irq_handler.o)
 .debug_info    0x0000000000000963       0x88 ../Moi_MA_bsp/\libhal_bsp.a(alt_irq_vars.o)
 .debug_info    0x00000000000009eb      0x145 ../Moi_MA_bsp/\libhal_bsp.a(alt_load.o)
 .debug_info    0x0000000000000b30      0x131 ../Moi_MA_bsp/\libhal_bsp.a(alt_main.o)
 .debug_info    0x0000000000000c61      0x3df ../Moi_MA_bsp/\libhal_bsp.a(alt_sys_init.o)
 .debug_info    0x0000000000001040      0x3a7 ../Moi_MA_bsp/\libhal_bsp.a(altera_avalon_jtag_uart_fd.o)
 .debug_info    0x00000000000013e7      0x1b2 ../Moi_MA_bsp/\libhal_bsp.a(altera_avalon_jtag_uart_read.o)
 .debug_info    0x0000000000001599      0x195 ../Moi_MA_bsp/\libhal_bsp.a(altera_avalon_jtag_uart_write.o)
 .debug_info    0x000000000000172e      0x226 ../Moi_MA_bsp/\libhal_bsp.a(altera_avalon_timer_sc.o)
 .debug_info    0x0000000000001954      0x321 ../Moi_MA_bsp/\libhal_bsp.a(alt_close.o)
 .debug_info    0x0000000000001c75       0x92 ../Moi_MA_bsp/\libhal_bsp.a(alt_dcache_flush_all.o)
 .debug_info    0x0000000000001d07      0x49c ../Moi_MA_bsp/\libhal_bsp.a(alt_dev.o)
 .debug_info    0x00000000000021a3      0x1a9 ../Moi_MA_bsp/\libhal_bsp.a(alt_dev_llist_insert.o)
 .debug_info    0x000000000000234c       0x83 ../Moi_MA_bsp/\libhal_bsp.a(alt_do_ctors.o)
 .debug_info    0x00000000000023cf       0x83 ../Moi_MA_bsp/\libhal_bsp.a(alt_do_dtors.o)
 .debug_info    0x0000000000002452       0xa6 ../Moi_MA_bsp/\libhal_bsp.a(alt_errno.o)
 .debug_info    0x00000000000024f8       0x8a ../Moi_MA_bsp/\libhal_bsp.a(alt_exception_entry.o)
 .debug_info    0x0000000000002582       0x92 ../Moi_MA_bsp/\libhal_bsp.a(alt_icache_flush_all.o)
 .debug_info    0x0000000000002614      0x1e7 ../Moi_MA_bsp/\libhal_bsp.a(alt_instruction_exception_entry.o)
 .debug_info    0x00000000000027fb      0x4a5 ../Moi_MA_bsp/\libhal_bsp.a(alt_io_redirect.o)
 .debug_info    0x0000000000002ca0      0x3bb ../Moi_MA_bsp/\libhal_bsp.a(alt_open.o)
 .debug_info    0x000000000000305b      0x2b0 ../Moi_MA_bsp/\libhal_bsp.a(alt_release_fd.o)
 .debug_info    0x000000000000330b      0x299 ../Moi_MA_bsp/\libhal_bsp.a(alt_tick.o)
 .debug_info    0x00000000000035a4       0x92 ../Moi_MA_bsp/\libhal_bsp.a(altera_nios2_gen2_irq.o)
 .debug_info    0x0000000000003636      0x2e9 ../Moi_MA_bsp/\libhal_bsp.a(alt_find_dev.o)
 .debug_info    0x000000000000391f      0x2e6 ../Moi_MA_bsp/\libhal_bsp.a(alt_find_file.o)
 .debug_info    0x0000000000003c05      0x310 ../Moi_MA_bsp/\libhal_bsp.a(alt_get_fd.o)
 .debug_info    0x0000000000003f15       0xfe c:/intelfpga_lite/18.1/nios2eds/bin/gnu/h-x86_64-mingw32/bin/../lib/gcc/nios2-elf/5.3.0/../../../../../H-x86_64-mingw32/nios2-elf/lib/mno-hw-mul\libsmallc.a(lib_a-atexit.o)
 .debug_info    0x0000000000004013       0xe5 c:/intelfpga_lite/18.1/nios2eds/bin/gnu/h-x86_64-mingw32/bin/../lib/gcc/nios2-elf/5.3.0/../../../../../H-x86_64-mingw32/nios2-elf/lib/mno-hw-mul\libsmallc.a(lib_a-exit.o)
 .debug_info    0x00000000000040f8       0x8a c:/intelfpga_lite/18.1/nios2eds/bin/gnu/h-x86_64-mingw32/bin/../lib/gcc/nios2-elf/5.3.0/../../../../../H-x86_64-mingw32/nios2-elf/lib/mno-hw-mul\libsmallc.a(lib_a-int_errno.o)
 .debug_info    0x0000000000004182       0xf4 c:/intelfpga_lite/18.1/nios2eds/bin/gnu/h-x86_64-mingw32/bin/../lib/gcc/nios2-elf/5.3.0/../../../../../H-x86_64-mingw32/nios2-elf/lib/mno-hw-mul\libsmallc.a(lib_a-memcmp.o)
 .debug_info    0x0000000000004276       0xc9 c:/intelfpga_lite/18.1/nios2eds/bin/gnu/h-x86_64-mingw32/bin/../lib/gcc/nios2-elf/5.3.0/../../../../../H-x86_64-mingw32/nios2-elf/lib/mno-hw-mul\libsmallc.a(lib_a-strlen.o)
 .debug_info    0x000000000000433f      0x64a c:/intelfpga_lite/18.1/nios2eds/bin/gnu/h-x86_64-mingw32/bin/../lib/gcc/nios2-elf/5.3.0/../../../../../H-x86_64-mingw32/nios2-elf/lib/mno-hw-mul\libsmallc.a(lib_a-__atexit.o)
 .debug_info    0x0000000000004989      0x67b c:/intelfpga_lite/18.1/nios2eds/bin/gnu/h-x86_64-mingw32/bin/../lib/gcc/nios2-elf/5.3.0/../../../../../H-x86_64-mingw32/nios2-elf/lib/mno-hw-mul\libsmallc.a(lib_a-__call_atexit.o)
 .debug_info    0x0000000000005004      0x5a9 c:/intelfpga_lite/18.1/nios2eds/bin/gnu/h-x86_64-mingw32/bin/../lib/gcc/nios2-elf/5.3.0/../../../../../H-x86_64-mingw32/nios2-elf/lib/mno-hw-mul\libsmallc.a(lib_a-impure.o)
 .debug_info    0x00000000000055ad       0xb4 c:/intelfpga_lite/18.1/nios2eds/bin/gnu/h-x86_64-mingw32/bin/../lib/gcc/nios2-elf/5.3.0/mno-hw-mul\libgcc.a(lib2-mul.o)
 .debug_info    0x0000000000005661       0xec ../Moi_MA_bsp/\libhal_bsp.a(alt_exit.o)

.debug_abbrev   0x0000000000000000     0x2207
 *(.debug_abbrev)
 .debug_abbrev  0x0000000000000000       0x12 ../Moi_MA_bsp//obj/HAL/src/crt0.o
 .debug_abbrev  0x0000000000000012       0xda obj/default/hello_world.o
 .debug_abbrev  0x00000000000000ec      0x163 ../Moi_MA_bsp/\libhal_bsp.a(alt_iic.o)
 .debug_abbrev  0x000000000000024f      0x169 ../Moi_MA_bsp/\libhal_bsp.a(alt_iic_isr_register.o)
 .debug_abbrev  0x00000000000003b8       0x12 ../Moi_MA_bsp/\libhal_bsp.a(alt_irq_entry.o)
 .debug_abbrev  0x00000000000003ca      0x122 ../Moi_MA_bsp/\libhal_bsp.a(alt_irq_handler.o)
 .debug_abbrev  0x00000000000004ec       0x40 ../Moi_MA_bsp/\libhal_bsp.a(alt_irq_vars.o)
 .debug_abbrev  0x000000000000052c       0x9f ../Moi_MA_bsp/\libhal_bsp.a(alt_load.o)
 .debug_abbrev  0x00000000000005cb       0xba ../Moi_MA_bsp/\libhal_bsp.a(alt_main.o)
 .debug_abbrev  0x0000000000000685      0x157 ../Moi_MA_bsp/\libhal_bsp.a(alt_sys_init.o)
 .debug_abbrev  0x00000000000007dc       0xf7 ../Moi_MA_bsp/\libhal_bsp.a(altera_avalon_jtag_uart_fd.o)
 .debug_abbrev  0x00000000000008d3       0xd5 ../Moi_MA_bsp/\libhal_bsp.a(altera_avalon_jtag_uart_read.o)
 .debug_abbrev  0x00000000000009a8       0xd5 ../Moi_MA_bsp/\libhal_bsp.a(altera_avalon_jtag_uart_write.o)
 .debug_abbrev  0x0000000000000a7d      0x155 ../Moi_MA_bsp/\libhal_bsp.a(altera_avalon_timer_sc.o)
 .debug_abbrev  0x0000000000000bd2      0x11f ../Moi_MA_bsp/\libhal_bsp.a(alt_close.o)
 .debug_abbrev  0x0000000000000cf1       0x42 ../Moi_MA_bsp/\libhal_bsp.a(alt_dcache_flush_all.o)
 .debug_abbrev  0x0000000000000d33       0xd9 ../Moi_MA_bsp/\libhal_bsp.a(alt_dev.o)
 .debug_abbrev  0x0000000000000e0c      0x114 ../Moi_MA_bsp/\libhal_bsp.a(alt_dev_llist_insert.o)
 .debug_abbrev  0x0000000000000f20       0x79 ../Moi_MA_bsp/\libhal_bsp.a(alt_do_ctors.o)
 .debug_abbrev  0x0000000000000f99       0x79 ../Moi_MA_bsp/\libhal_bsp.a(alt_do_dtors.o)
 .debug_abbrev  0x0000000000001012       0x5a ../Moi_MA_bsp/\libhal_bsp.a(alt_errno.o)
 .debug_abbrev  0x000000000000106c       0x12 ../Moi_MA_bsp/\libhal_bsp.a(alt_exception_entry.o)
 .debug_abbrev  0x000000000000107e       0x42 ../Moi_MA_bsp/\libhal_bsp.a(alt_icache_flush_all.o)
 .debug_abbrev  0x00000000000010c0       0xdc ../Moi_MA_bsp/\libhal_bsp.a(alt_instruction_exception_entry.o)
 .debug_abbrev  0x000000000000119c      0x114 ../Moi_MA_bsp/\libhal_bsp.a(alt_io_redirect.o)
 .debug_abbrev  0x00000000000012b0      0x148 ../Moi_MA_bsp/\libhal_bsp.a(alt_open.o)
 .debug_abbrev  0x00000000000013f8       0xde ../Moi_MA_bsp/\libhal_bsp.a(alt_release_fd.o)
 .debug_abbrev  0x00000000000014d6      0x15a ../Moi_MA_bsp/\libhal_bsp.a(alt_tick.o)
 .debug_abbrev  0x0000000000001630       0x42 ../Moi_MA_bsp/\libhal_bsp.a(altera_nios2_gen2_irq.o)
 .debug_abbrev  0x0000000000001672       0xf0 ../Moi_MA_bsp/\libhal_bsp.a(alt_find_dev.o)
 .debug_abbrev  0x0000000000001762       0xf0 ../Moi_MA_bsp/\libhal_bsp.a(alt_find_file.o)
 .debug_abbrev  0x0000000000001852      0x10d ../Moi_MA_bsp/\libhal_bsp.a(alt_get_fd.o)
 .debug_abbrev  0x000000000000195f       0xaa c:/intelfpga_lite/18.1/nios2eds/bin/gnu/h-x86_64-mingw32/bin/../lib/gcc/nios2-elf/5.3.0/../../../../../H-x86_64-mingw32/nios2-elf/lib/mno-hw-mul\libsmallc.a(lib_a-atexit.o)
 .debug_abbrev  0x0000000000001a09       0x8b c:/intelfpga_lite/18.1/nios2eds/bin/gnu/h-x86_64-mingw32/bin/../lib/gcc/nios2-elf/5.3.0/../../../../../H-x86_64-mingw32/nios2-elf/lib/mno-hw-mul\libsmallc.a(lib_a-exit.o)
 .debug_abbrev  0x0000000000001a94       0x37 c:/intelfpga_lite/18.1/nios2eds/bin/gnu/h-x86_64-mingw32/bin/../lib/gcc/nios2-elf/5.3.0/../../../../../H-x86_64-mingw32/nios2-elf/lib/mno-hw-mul\libsmallc.a(lib_a-int_errno.o)
 .debug_abbrev  0x0000000000001acb       0x7f c:/intelfpga_lite/18.1/nios2eds/bin/gnu/h-x86_64-mingw32/bin/../lib/gcc/nios2-elf/5.3.0/../../../../../H-x86_64-mingw32/nios2-elf/lib/mno-hw-mul\libsmallc.a(lib_a-memcmp.o)
 .debug_abbrev  0x0000000000001b4a       0x7f c:/intelfpga_lite/18.1/nios2eds/bin/gnu/h-x86_64-mingw32/bin/../lib/gcc/nios2-elf/5.3.0/../../../../../H-x86_64-mingw32/nios2-elf/lib/mno-hw-mul\libsmallc.a(lib_a-strlen.o)
 .debug_abbrev  0x0000000000001bc9      0x1e6 c:/intelfpga_lite/18.1/nios2eds/bin/gnu/h-x86_64-mingw32/bin/../lib/gcc/nios2-elf/5.3.0/../../../../../H-x86_64-mingw32/nios2-elf/lib/mno-hw-mul\libsmallc.a(lib_a-__atexit.o)
 .debug_abbrev  0x0000000000001daf      0x1f6 c:/intelfpga_lite/18.1/nios2eds/bin/gnu/h-x86_64-mingw32/bin/../lib/gcc/nios2-elf/5.3.0/../../../../../H-x86_64-mingw32/nios2-elf/lib/mno-hw-mul\libsmallc.a(lib_a-__call_atexit.o)
 .debug_abbrev  0x0000000000001fa5      0x14a c:/intelfpga_lite/18.1/nios2eds/bin/gnu/h-x86_64-mingw32/bin/../lib/gcc/nios2-elf/5.3.0/../../../../../H-x86_64-mingw32/nios2-elf/lib/mno-hw-mul\libsmallc.a(lib_a-impure.o)
 .debug_abbrev  0x00000000000020ef       0x6f c:/intelfpga_lite/18.1/nios2eds/bin/gnu/h-x86_64-mingw32/bin/../lib/gcc/nios2-elf/5.3.0/mno-hw-mul\libgcc.a(lib2-mul.o)
 .debug_abbrev  0x000000000000215e       0xa9 ../Moi_MA_bsp/\libhal_bsp.a(alt_exit.o)

.debug_line     0x0000000000000000     0x23da
 *(.debug_line)
 .debug_line    0x0000000000000000       0x66 ../Moi_MA_bsp//obj/HAL/src/crt0.o
 .debug_line    0x0000000000000066       0xfd obj/default/hello_world.o
 .debug_line    0x0000000000000163       0xeb ../Moi_MA_bsp/\libhal_bsp.a(alt_iic.o)
 .debug_line    0x000000000000024e       0xdb ../Moi_MA_bsp/\libhal_bsp.a(alt_iic_isr_register.o)
 .debug_line    0x0000000000000329       0x6b ../Moi_MA_bsp/\libhal_bsp.a(alt_irq_entry.o)
 .debug_line    0x0000000000000394       0xaa ../Moi_MA_bsp/\libhal_bsp.a(alt_irq_handler.o)
 .debug_line    0x000000000000043e       0x50 ../Moi_MA_bsp/\libhal_bsp.a(alt_irq_vars.o)
 .debug_line    0x000000000000048e       0x8e ../Moi_MA_bsp/\libhal_bsp.a(alt_load.o)
 .debug_line    0x000000000000051c       0xa4 ../Moi_MA_bsp/\libhal_bsp.a(alt_main.o)
 .debug_line    0x00000000000005c0      0x141 ../Moi_MA_bsp/\libhal_bsp.a(alt_sys_init.o)
 .debug_line    0x0000000000000701      0x112 ../Moi_MA_bsp/\libhal_bsp.a(altera_avalon_jtag_uart_fd.o)
 .debug_line    0x0000000000000813       0xfd ../Moi_MA_bsp/\libhal_bsp.a(altera_avalon_jtag_uart_read.o)
 .debug_line    0x0000000000000910       0xf4 ../Moi_MA_bsp/\libhal_bsp.a(altera_avalon_jtag_uart_write.o)
 .debug_line    0x0000000000000a04       0xfd ../Moi_MA_bsp/\libhal_bsp.a(altera_avalon_timer_sc.o)
 .debug_line    0x0000000000000b01      0x165 ../Moi_MA_bsp/\libhal_bsp.a(alt_close.o)
 .debug_line    0x0000000000000c66       0x51 ../Moi_MA_bsp/\libhal_bsp.a(alt_dcache_flush_all.o)
 .debug_line    0x0000000000000cb7       0xf8 ../Moi_MA_bsp/\libhal_bsp.a(alt_dev.o)
 .debug_line    0x0000000000000daf       0xcf ../Moi_MA_bsp/\libhal_bsp.a(alt_dev_llist_insert.o)
 .debug_line    0x0000000000000e7e       0x59 ../Moi_MA_bsp/\libhal_bsp.a(alt_do_ctors.o)
 .debug_line    0x0000000000000ed7       0x59 ../Moi_MA_bsp/\libhal_bsp.a(alt_do_dtors.o)
 .debug_line    0x0000000000000f30       0x51 ../Moi_MA_bsp/\libhal_bsp.a(alt_errno.o)
 .debug_line    0x0000000000000f81       0xb3 ../Moi_MA_bsp/\libhal_bsp.a(alt_exception_entry.o)
 .debug_line    0x0000000000001034       0x4f ../Moi_MA_bsp/\libhal_bsp.a(alt_icache_flush_all.o)
 .debug_line    0x0000000000001083       0xb9 ../Moi_MA_bsp/\libhal_bsp.a(alt_instruction_exception_entry.o)
 .debug_line    0x000000000000113c      0x135 ../Moi_MA_bsp/\libhal_bsp.a(alt_io_redirect.o)
 .debug_line    0x0000000000001271      0x12b ../Moi_MA_bsp/\libhal_bsp.a(alt_open.o)
 .debug_line    0x000000000000139c       0xb0 ../Moi_MA_bsp/\libhal_bsp.a(alt_release_fd.o)
 .debug_line    0x000000000000144c       0xff ../Moi_MA_bsp/\libhal_bsp.a(alt_tick.o)
 .debug_line    0x000000000000154b       0x51 ../Moi_MA_bsp/\libhal_bsp.a(altera_nios2_gen2_irq.o)
 .debug_line    0x000000000000159c       0xb5 ../Moi_MA_bsp/\libhal_bsp.a(alt_find_dev.o)
 .debug_line    0x0000000000001651       0xd1 ../Moi_MA_bsp/\libhal_bsp.a(alt_find_file.o)
 .debug_line    0x0000000000001722       0xd7 ../Moi_MA_bsp/\libhal_bsp.a(alt_get_fd.o)
 .debug_line    0x00000000000017f9       0xe7 c:/intelfpga_lite/18.1/nios2eds/bin/gnu/h-x86_64-mingw32/bin/../lib/gcc/nios2-elf/5.3.0/../../../../../H-x86_64-mingw32/nios2-elf/lib/mno-hw-mul\libsmallc.a(lib_a-atexit.o)
 .debug_line    0x00000000000018e0      0x159 c:/intelfpga_lite/18.1/nios2eds/bin/gnu/h-x86_64-mingw32/bin/../lib/gcc/nios2-elf/5.3.0/../../../../../H-x86_64-mingw32/nios2-elf/lib/mno-hw-mul\libsmallc.a(lib_a-exit.o)
 .debug_line    0x0000000000001a39       0x5f c:/intelfpga_lite/18.1/nios2eds/bin/gnu/h-x86_64-mingw32/bin/../lib/gcc/nios2-elf/5.3.0/../../../../../H-x86_64-mingw32/nios2-elf/lib/mno-hw-mul\libsmallc.a(lib_a-int_errno.o)
 .debug_line    0x0000000000001a98      0x160 c:/intelfpga_lite/18.1/nios2eds/bin/gnu/h-x86_64-mingw32/bin/../lib/gcc/nios2-elf/5.3.0/../../../../../H-x86_64-mingw32/nios2-elf/lib/mno-hw-mul\libsmallc.a(lib_a-memcmp.o)
 .debug_line    0x0000000000001bf8      0x15c c:/intelfpga_lite/18.1/nios2eds/bin/gnu/h-x86_64-mingw32/bin/../lib/gcc/nios2-elf/5.3.0/../../../../../H-x86_64-mingw32/nios2-elf/lib/mno-hw-mul\libsmallc.a(lib_a-strlen.o)
 .debug_line    0x0000000000001d54      0x20d c:/intelfpga_lite/18.1/nios2eds/bin/gnu/h-x86_64-mingw32/bin/../lib/gcc/nios2-elf/5.3.0/../../../../../H-x86_64-mingw32/nios2-elf/lib/mno-hw-mul\libsmallc.a(lib_a-__atexit.o)
 .debug_line    0x0000000000001f61      0x232 c:/intelfpga_lite/18.1/nios2eds/bin/gnu/h-x86_64-mingw32/bin/../lib/gcc/nios2-elf/5.3.0/../../../../../H-x86_64-mingw32/nios2-elf/lib/mno-hw-mul\libsmallc.a(lib_a-__call_atexit.o)
 .debug_line    0x0000000000002193      0x156 c:/intelfpga_lite/18.1/nios2eds/bin/gnu/h-x86_64-mingw32/bin/../lib/gcc/nios2-elf/5.3.0/../../../../../H-x86_64-mingw32/nios2-elf/lib/mno-hw-mul\libsmallc.a(lib_a-impure.o)
 .debug_line    0x00000000000022e9       0x80 c:/intelfpga_lite/18.1/nios2eds/bin/gnu/h-x86_64-mingw32/bin/../lib/gcc/nios2-elf/5.3.0/mno-hw-mul\libgcc.a(lib2-mul.o)
 .debug_line    0x0000000000002369       0x71 ../Moi_MA_bsp/\libhal_bsp.a(alt_exit.o)

.debug_frame    0x0000000000000000      0xa10
 *(.debug_frame)
 .debug_frame   0x0000000000000000       0xc4 obj/default/hello_world.o
 .debug_frame   0x00000000000000c4       0xa4 ../Moi_MA_bsp/\libhal_bsp.a(alt_iic.o)
 .debug_frame   0x0000000000000168       0x38 ../Moi_MA_bsp/\libhal_bsp.a(alt_iic_isr_register.o)
 .debug_frame   0x00000000000001a0       0x38 ../Moi_MA_bsp/\libhal_bsp.a(alt_irq_handler.o)
 .debug_frame   0x00000000000001d8       0x5c ../Moi_MA_bsp/\libhal_bsp.a(alt_load.o)
 .debug_frame   0x0000000000000234       0x2c ../Moi_MA_bsp/\libhal_bsp.a(alt_main.o)
 .debug_frame   0x0000000000000260       0x88 ../Moi_MA_bsp/\libhal_bsp.a(alt_sys_init.o)
 .debug_frame   0x00000000000002e8       0x60 ../Moi_MA_bsp/\libhal_bsp.a(altera_avalon_jtag_uart_fd.o)
 .debug_frame   0x0000000000000348       0x34 ../Moi_MA_bsp/\libhal_bsp.a(altera_avalon_jtag_uart_read.o)
 .debug_frame   0x000000000000037c       0x34 ../Moi_MA_bsp/\libhal_bsp.a(altera_avalon_jtag_uart_write.o)
 .debug_frame   0x00000000000003b0       0x60 ../Moi_MA_bsp/\libhal_bsp.a(altera_avalon_timer_sc.o)
 .debug_frame   0x0000000000000410       0x60 ../Moi_MA_bsp/\libhal_bsp.a(alt_close.o)
 .debug_frame   0x0000000000000470       0x34 ../Moi_MA_bsp/\libhal_bsp.a(alt_dcache_flush_all.o)
 .debug_frame   0x00000000000004a4       0x34 ../Moi_MA_bsp/\libhal_bsp.a(alt_dev.o)
 .debug_frame   0x00000000000004d8       0x60 ../Moi_MA_bsp/\libhal_bsp.a(alt_dev_llist_insert.o)
 .debug_frame   0x0000000000000538       0x38 ../Moi_MA_bsp/\libhal_bsp.a(alt_do_ctors.o)
 .debug_frame   0x0000000000000570       0x38 ../Moi_MA_bsp/\libhal_bsp.a(alt_do_dtors.o)
 .debug_frame   0x00000000000005a8       0x34 ../Moi_MA_bsp/\libhal_bsp.a(alt_icache_flush_all.o)
 .debug_frame   0x00000000000005dc       0x5c ../Moi_MA_bsp/\libhal_bsp.a(alt_instruction_exception_entry.o)
 .debug_frame   0x0000000000000638       0x64 ../Moi_MA_bsp/\libhal_bsp.a(alt_io_redirect.o)
 .debug_frame   0x000000000000069c       0x8c ../Moi_MA_bsp/\libhal_bsp.a(alt_open.o)
 .debug_frame   0x0000000000000728       0x3c ../Moi_MA_bsp/\libhal_bsp.a(alt_release_fd.o)
 .debug_frame   0x0000000000000764       0x5c ../Moi_MA_bsp/\libhal_bsp.a(alt_tick.o)
 .debug_frame   0x00000000000007c0       0x34 ../Moi_MA_bsp/\libhal_bsp.a(altera_nios2_gen2_irq.o)
 .debug_frame   0x00000000000007f4       0x38 ../Moi_MA_bsp/\libhal_bsp.a(alt_find_dev.o)
 .debug_frame   0x000000000000082c       0x38 ../Moi_MA_bsp/\libhal_bsp.a(alt_find_file.o)
 .debug_frame   0x0000000000000864       0x3c ../Moi_MA_bsp/\libhal_bsp.a(alt_get_fd.o)
 .debug_frame   0x00000000000008a0       0x20 c:/intelfpga_lite/18.1/nios2eds/bin/gnu/h-x86_64-mingw32/bin/../lib/gcc/nios2-elf/5.3.0/../../../../../H-x86_64-mingw32/nios2-elf/lib/mno-hw-mul\libsmallc.a(lib_a-atexit.o)
 .debug_frame   0x00000000000008c0       0x28 c:/intelfpga_lite/18.1/nios2eds/bin/gnu/h-x86_64-mingw32/bin/../lib/gcc/nios2-elf/5.3.0/../../../../../H-x86_64-mingw32/nios2-elf/lib/mno-hw-mul\libsmallc.a(lib_a-exit.o)
 .debug_frame   0x00000000000008e8       0x20 c:/intelfpga_lite/18.1/nios2eds/bin/gnu/h-x86_64-mingw32/bin/../lib/gcc/nios2-elf/5.3.0/../../../../../H-x86_64-mingw32/nios2-elf/lib/mno-hw-mul\libsmallc.a(lib_a-memcmp.o)
 .debug_frame   0x0000000000000908       0x20 c:/intelfpga_lite/18.1/nios2eds/bin/gnu/h-x86_64-mingw32/bin/../lib/gcc/nios2-elf/5.3.0/../../../../../H-x86_64-mingw32/nios2-elf/lib/mno-hw-mul\libsmallc.a(lib_a-strlen.o)
 .debug_frame   0x0000000000000928       0x48 c:/intelfpga_lite/18.1/nios2eds/bin/gnu/h-x86_64-mingw32/bin/../lib/gcc/nios2-elf/5.3.0/../../../../../H-x86_64-mingw32/nios2-elf/lib/mno-hw-mul\libsmallc.a(lib_a-__atexit.o)
 .debug_frame   0x0000000000000970       0x54 c:/intelfpga_lite/18.1/nios2eds/bin/gnu/h-x86_64-mingw32/bin/../lib/gcc/nios2-elf/5.3.0/../../../../../H-x86_64-mingw32/nios2-elf/lib/mno-hw-mul\libsmallc.a(lib_a-__call_atexit.o)
 .debug_frame   0x00000000000009c4       0x20 c:/intelfpga_lite/18.1/nios2eds/bin/gnu/h-x86_64-mingw32/bin/../lib/gcc/nios2-elf/5.3.0/mno-hw-mul\libgcc.a(lib2-mul.o)
 .debug_frame   0x00000000000009e4       0x2c ../Moi_MA_bsp/\libhal_bsp.a(alt_exit.o)

.debug_str      0x0000000000000000     0x19b6
 *(.debug_str)
 .debug_str     0x0000000000000000      0x181 obj/default/hello_world.o
                                        0x1cc (size before relaxing)
 .debug_str     0x0000000000000181      0x14a ../Moi_MA_bsp/\libhal_bsp.a(alt_iic.o)
                                        0x24b (size before relaxing)
 .debug_str     0x00000000000002cb       0x4c ../Moi_MA_bsp/\libhal_bsp.a(alt_iic_isr_register.o)
                                        0x1f5 (size before relaxing)
 .debug_str     0x0000000000000317       0x3a ../Moi_MA_bsp/\libhal_bsp.a(alt_irq_handler.o)
                                        0x1a4 (size before relaxing)
 .debug_str     0x0000000000000351       0x17 ../Moi_MA_bsp/\libhal_bsp.a(alt_irq_vars.o)
                                        0x147 (size before relaxing)
 .debug_str     0x0000000000000368       0xe9 ../Moi_MA_bsp/\libhal_bsp.a(alt_load.o)
                                        0x21f (size before relaxing)
 .debug_str     0x0000000000000451       0x70 ../Moi_MA_bsp/\libhal_bsp.a(alt_main.o)
                                        0x1aa (size before relaxing)
 .debug_str     0x00000000000004c1      0x18a ../Moi_MA_bsp/\libhal_bsp.a(alt_sys_init.o)
                                        0x319 (size before relaxing)
 .debug_str     0x000000000000064b       0x77 ../Moi_MA_bsp/\libhal_bsp.a(altera_avalon_jtag_uart_fd.o)
                                        0x2e2 (size before relaxing)
 .debug_str     0x00000000000006c2       0x48 ../Moi_MA_bsp/\libhal_bsp.a(altera_avalon_jtag_uart_read.o)
                                        0x22c (size before relaxing)
 .debug_str     0x000000000000070a       0x4a ../Moi_MA_bsp/\libhal_bsp.a(altera_avalon_jtag_uart_write.o)
                                        0x222 (size before relaxing)
 .debug_str     0x0000000000000754       0x7f ../Moi_MA_bsp/\libhal_bsp.a(altera_avalon_timer_sc.o)
                                        0x258 (size before relaxing)
 .debug_str     0x00000000000007d3       0x44 ../Moi_MA_bsp/\libhal_bsp.a(alt_close.o)
                                        0x218 (size before relaxing)
 .debug_str     0x0000000000000817       0x34 ../Moi_MA_bsp/\libhal_bsp.a(alt_dcache_flush_all.o)
                                        0x162 (size before relaxing)
 .debug_str     0x000000000000084b      0x120 ../Moi_MA_bsp/\libhal_bsp.a(alt_dev.o)
                                        0x312 (size before relaxing)
 .debug_str     0x000000000000096b       0x45 ../Moi_MA_bsp/\libhal_bsp.a(alt_dev_llist_insert.o)
                                        0x1d9 (size before relaxing)
 .debug_str     0x00000000000009b0       0x48 ../Moi_MA_bsp/\libhal_bsp.a(alt_do_ctors.o)
                                         0xdd (size before relaxing)
 .debug_str     0x00000000000009f8       0x4c ../Moi_MA_bsp/\libhal_bsp.a(alt_do_dtors.o)
                                         0xdc (size before relaxing)
 .debug_str     0x0000000000000a44       0x14 ../Moi_MA_bsp/\libhal_bsp.a(alt_errno.o)
                                        0x152 (size before relaxing)
 .debug_str     0x0000000000000a58       0x34 ../Moi_MA_bsp/\libhal_bsp.a(alt_icache_flush_all.o)
                                        0x162 (size before relaxing)
 .debug_str     0x0000000000000a8c      0x48b ../Moi_MA_bsp/\libhal_bsp.a(alt_instruction_exception_entry.o)
                                        0x5ad (size before relaxing)
 .debug_str     0x0000000000000f17       0x56 ../Moi_MA_bsp/\libhal_bsp.a(alt_io_redirect.o)
                                        0x323 (size before relaxing)
 .debug_str     0x0000000000000f6d       0x2f ../Moi_MA_bsp/\libhal_bsp.a(alt_open.o)
                                        0x258 (size before relaxing)
 .debug_str     0x0000000000000f9c       0x28 ../Moi_MA_bsp/\libhal_bsp.a(alt_release_fd.o)
                                        0x1e0 (size before relaxing)
 .debug_str     0x0000000000000fc4       0x78 ../Moi_MA_bsp/\libhal_bsp.a(alt_tick.o)
                                        0x25f (size before relaxing)
 .debug_str     0x000000000000103c       0x3b ../Moi_MA_bsp/\libhal_bsp.a(altera_nios2_gen2_irq.o)
                                        0x169 (size before relaxing)
 .debug_str     0x0000000000001077       0x24 ../Moi_MA_bsp/\libhal_bsp.a(alt_find_dev.o)
                                        0x1f9 (size before relaxing)
 .debug_str     0x000000000000109b       0x26 ../Moi_MA_bsp/\libhal_bsp.a(alt_find_file.o)
                                        0x207 (size before relaxing)
 .debug_str     0x00000000000010c1       0x30 ../Moi_MA_bsp/\libhal_bsp.a(alt_get_fd.o)
                                        0x229 (size before relaxing)
 .debug_str     0x00000000000010f1      0x177 c:/intelfpga_lite/18.1/nios2eds/bin/gnu/h-x86_64-mingw32/bin/../lib/gcc/nios2-elf/5.3.0/../../../../../H-x86_64-mingw32/nios2-elf/lib/mno-hw-mul\libsmallc.a(lib_a-atexit.o)
                                        0x21c (size before relaxing)
 .debug_str     0x0000000000001268       0x4c c:/intelfpga_lite/18.1/nios2eds/bin/gnu/h-x86_64-mingw32/bin/../lib/gcc/nios2-elf/5.3.0/../../../../../H-x86_64-mingw32/nios2-elf/lib/mno-hw-mul\libsmallc.a(lib_a-exit.o)
                                        0x1f0 (size before relaxing)
 .debug_str     0x00000000000012b4       0xd3 c:/intelfpga_lite/18.1/nios2eds/bin/gnu/h-x86_64-mingw32/bin/../lib/gcc/nios2-elf/5.3.0/../../../../../H-x86_64-mingw32/nios2-elf/lib/mno-hw-mul\libsmallc.a(lib_a-int_errno.o)
                                        0x1d8 (size before relaxing)
 .debug_str     0x0000000000001387       0xe0 c:/intelfpga_lite/18.1/nios2eds/bin/gnu/h-x86_64-mingw32/bin/../lib/gcc/nios2-elf/5.3.0/../../../../../H-x86_64-mingw32/nios2-elf/lib/mno-hw-mul\libsmallc.a(lib_a-memcmp.o)
                                        0x1df (size before relaxing)
 .debug_str     0x0000000000001467       0x44 c:/intelfpga_lite/18.1/nios2eds/bin/gnu/h-x86_64-mingw32/bin/../lib/gcc/nios2-elf/5.3.0/../../../../../H-x86_64-mingw32/nios2-elf/lib/mno-hw-mul\libsmallc.a(lib_a-strlen.o)
                                        0x1e5 (size before relaxing)
 .debug_str     0x00000000000014ab      0x2ec c:/intelfpga_lite/18.1/nios2eds/bin/gnu/h-x86_64-mingw32/bin/../lib/gcc/nios2-elf/5.3.0/../../../../../H-x86_64-mingw32/nios2-elf/lib/mno-hw-mul\libsmallc.a(lib_a-__atexit.o)
                                        0x4ff (size before relaxing)
 .debug_str     0x0000000000001797       0x65 c:/intelfpga_lite/18.1/nios2eds/bin/gnu/h-x86_64-mingw32/bin/../lib/gcc/nios2-elf/5.3.0/../../../../../H-x86_64-mingw32/nios2-elf/lib/mno-hw-mul\libsmallc.a(lib_a-__call_atexit.o)
                                        0x4eb (size before relaxing)
 .debug_str     0x00000000000017fc       0x48 c:/intelfpga_lite/18.1/nios2eds/bin/gnu/h-x86_64-mingw32/bin/../lib/gcc/nios2-elf/5.3.0/../../../../../H-x86_64-mingw32/nios2-elf/lib/mno-hw-mul\libsmallc.a(lib_a-impure.o)
                                        0x4be (size before relaxing)
 .debug_str     0x0000000000001844      0x148 c:/intelfpga_lite/18.1/nios2eds/bin/gnu/h-x86_64-mingw32/bin/../lib/gcc/nios2-elf/5.3.0/mno-hw-mul\libgcc.a(lib2-mul.o)
                                        0x193 (size before relaxing)
 .debug_str     0x000000000000198c       0x2a ../Moi_MA_bsp/\libhal_bsp.a(alt_exit.o)
                                        0x15e (size before relaxing)

.debug_loc      0x0000000000000000      0x4a6
 *(.debug_loc)
 .debug_loc     0x0000000000000000       0x2c c:/intelfpga_lite/18.1/nios2eds/bin/gnu/h-x86_64-mingw32/bin/../lib/gcc/nios2-elf/5.3.0/../../../../../H-x86_64-mingw32/nios2-elf/lib/mno-hw-mul\libsmallc.a(lib_a-atexit.o)
 .debug_loc     0x000000000000002c       0x1e c:/intelfpga_lite/18.1/nios2eds/bin/gnu/h-x86_64-mingw32/bin/../lib/gcc/nios2-elf/5.3.0/../../../../../H-x86_64-mingw32/nios2-elf/lib/mno-hw-mul\libsmallc.a(lib_a-exit.o)
 .debug_loc     0x000000000000004a       0x94 c:/intelfpga_lite/18.1/nios2eds/bin/gnu/h-x86_64-mingw32/bin/../lib/gcc/nios2-elf/5.3.0/../../../../../H-x86_64-mingw32/nios2-elf/lib/mno-hw-mul\libsmallc.a(lib_a-memcmp.o)
 .debug_loc     0x00000000000000de       0x1e c:/intelfpga_lite/18.1/nios2eds/bin/gnu/h-x86_64-mingw32/bin/../lib/gcc/nios2-elf/5.3.0/../../../../../H-x86_64-mingw32/nios2-elf/lib/mno-hw-mul\libsmallc.a(lib_a-strlen.o)
 .debug_loc     0x00000000000000fc      0x1c0 c:/intelfpga_lite/18.1/nios2eds/bin/gnu/h-x86_64-mingw32/bin/../lib/gcc/nios2-elf/5.3.0/../../../../../H-x86_64-mingw32/nios2-elf/lib/mno-hw-mul\libsmallc.a(lib_a-__atexit.o)
 .debug_loc     0x00000000000002bc      0x157 c:/intelfpga_lite/18.1/nios2eds/bin/gnu/h-x86_64-mingw32/bin/../lib/gcc/nios2-elf/5.3.0/../../../../../H-x86_64-mingw32/nios2-elf/lib/mno-hw-mul\libsmallc.a(lib_a-__call_atexit.o)
 .debug_loc     0x0000000000000413       0x93 c:/intelfpga_lite/18.1/nios2eds/bin/gnu/h-x86_64-mingw32/bin/../lib/gcc/nios2-elf/5.3.0/mno-hw-mul\libgcc.a(lib2-mul.o)

.debug_macinfo
 *(.debug_macinfo)

.debug_weaknames
 *(.debug_weaknames)

.debug_funcnames
 *(.debug_funcnames)

.debug_typenames
 *(.debug_typenames)

.debug_varnames
 *(.debug_varnames)

.debug_alt_sim_info
                0x0000000000000000       0x10
 *(.debug_alt_sim_info)
 .debug_alt_sim_info
                0x0000000000000000       0x10 ../Moi_MA_bsp//obj/HAL/src/crt0.o
                0x0000000000010000                __alt_data_end = 0x10000
                0x0000000000010000                PROVIDE (__alt_stack_pointer, __alt_data_end)
                [!provide]                        PROVIDE (__alt_stack_limit, __alt_stack_base)
                [!provide]                        PROVIDE (__alt_heap_start, end)
                [!provide]                        PROVIDE (__alt_heap_limit, 0x10000)
OUTPUT(Moi_MA.elf elf32-littlenios2)

.debug_ranges   0x0000000000000000      0x130
 .debug_ranges  0x0000000000000000       0x20 ../Moi_MA_bsp//obj/HAL/src/crt0.o
 .debug_ranges  0x0000000000000020       0x28 ../Moi_MA_bsp/\libhal_bsp.a(alt_irq_entry.o)
 .debug_ranges  0x0000000000000048       0x10 ../Moi_MA_bsp/\libhal_bsp.a(alt_irq_handler.o)
 .debug_ranges  0x0000000000000058       0x18 ../Moi_MA_bsp/\libhal_bsp.a(altera_avalon_jtag_uart_read.o)
 .debug_ranges  0x0000000000000070       0x30 ../Moi_MA_bsp/\libhal_bsp.a(alt_exception_entry.o)
 .debug_ranges  0x00000000000000a0       0x18 ../Moi_MA_bsp/\libhal_bsp.a(alt_instruction_exception_entry.o)
 .debug_ranges  0x00000000000000b8       0x10 c:/intelfpga_lite/18.1/nios2eds/bin/gnu/h-x86_64-mingw32/bin/../lib/gcc/nios2-elf/5.3.0/../../../../../H-x86_64-mingw32/nios2-elf/lib/mno-hw-mul\libsmallc.a(lib_a-atexit.o)
 .debug_ranges  0x00000000000000c8       0x10 c:/intelfpga_lite/18.1/nios2eds/bin/gnu/h-x86_64-mingw32/bin/../lib/gcc/nios2-elf/5.3.0/../../../../../H-x86_64-mingw32/nios2-elf/lib/mno-hw-mul\libsmallc.a(lib_a-exit.o)
 .debug_ranges  0x00000000000000d8       0x10 c:/intelfpga_lite/18.1/nios2eds/bin/gnu/h-x86_64-mingw32/bin/../lib/gcc/nios2-elf/5.3.0/../../../../../H-x86_64-mingw32/nios2-elf/lib/mno-hw-mul\libsmallc.a(lib_a-memcmp.o)
 .debug_ranges  0x00000000000000e8       0x10 c:/intelfpga_lite/18.1/nios2eds/bin/gnu/h-x86_64-mingw32/bin/../lib/gcc/nios2-elf/5.3.0/../../../../../H-x86_64-mingw32/nios2-elf/lib/mno-hw-mul\libsmallc.a(lib_a-strlen.o)
 .debug_ranges  0x00000000000000f8       0x10 c:/intelfpga_lite/18.1/nios2eds/bin/gnu/h-x86_64-mingw32/bin/../lib/gcc/nios2-elf/5.3.0/../../../../../H-x86_64-mingw32/nios2-elf/lib/mno-hw-mul\libsmallc.a(lib_a-__atexit.o)
 .debug_ranges  0x0000000000000108       0x28 c:/intelfpga_lite/18.1/nios2eds/bin/gnu/h-x86_64-mingw32/bin/../lib/gcc/nios2-elf/5.3.0/../../../../../H-x86_64-mingw32/nios2-elf/lib/mno-hw-mul\libsmallc.a(lib_a-__call_atexit.o)
